<?xml version="1.0" encoding="UTF-8"?>
<dict>
    <key>mapInfo</key>
    <dict>
        <key>mapName</key>
        <string>cubeCardSprite</string>
        <key>mapSize</key>
        <string>{100,100}</string>
        <key>backgroundColor</key>
        <string>{44,121,128,255}</string>
        <key>gridInfo</key>
        <string>{32,32,10,15}</string>
        <key>layerNameArray</key>
        <string>cubeCardSprite</string>
    </dict>
    <key>walkWay</key>
    <dict/>
    <key>mapLayers</key>
    <dict>
        <key>cubeCardSprite</key>
        <dict>
            <key>mapSprite0</key>
            <dict>
                <key>spriteName</key>
                <string>cubeCardSprite</string>
                <key>mapSpriteName</key>
                <string>clip15</string>
                <key>pos</key>
                <string>{12,364}</string>
                <key>z</key>
                <integer>0</integer>
                <key>tag</key>
                <integer>17</integer>
            </dict>
            <key>mapSprite1</key>
            <dict>
                <key>spriteName</key>
                <string>cubeCardSprite</string>
                <key>mapSpriteName</key>
                <string>clip2</string>
                <key>pos</key>
                <string>{24,27}</string>
                <key>z</key>
                <integer>5</integer>
                <key>tag</key>
                <integer>16</integer>
            </dict>
            <key>mapSprite2</key>
            <dict>
                <key>spriteName</key>
                <string>cubeCardSprite</string>
                <key>mapSpriteName</key>
                <string>clip9</string>
                <key>pos</key>
                <string>{237,289}</string>
                <key>z</key>
                <integer>10</integer>
                <key>tag</key>
                <integer>9</integer>
            </dict>
            <key>mapSprite3</key>
            <dict>
                <key>spriteName</key>
                <string>cubeCardSprite</string>
                <key>mapSpriteName</key>
                <string>clip3</string>
                <key>pos</key>
                <string>{16,-1}</string>
                <key>z</key>
                <integer>15</integer>
                <key>tag</key>
                <integer>0</integer>
            </dict>
            <key>mapSprite4</key>
            <dict>
                <key>spriteName</key>
                <string>cubeCardSprite</string>
                <key>mapSpriteName</key>
                <string>clip16</string>
                <key>pos</key>
                <string>{10,363}</string>
                <key>z</key>
                <integer>20</integer>
                <key>tag</key>
                <integer>15</integer>
            </dict>
            <key>mapSprite5</key>
            <dict>
                <key>spriteName</key>
                <string>cubeCardSprite</string>
                <key>mapSpriteName</key>
                <string>clip4</string>
                <key>pos</key>
                <string>{35,370}</string>
                <key>z</key>
                <integer>25</integer>
                <key>tag</key>
                <integer>4</integer>
            </dict>
            <key>mapSprite6</key>
            <dict>
                <key>spriteName</key>
                <string>cubeCardSprite</string>
                <key>mapSpriteName</key>
                <string>clip1</string>
                <key>pos</key>
                <string>{288,14}</string>
                <key>z</key>
                <integer>30</integer>
                <key>tag</key>
                <integer>1</integer>
            </dict>
            <key>mapSprite7</key>
            <dict>
                <key>spriteName</key>
                <string>cubeCardSprite</string>
                <key>mapSpriteName</key>
                <string>clip0</string>
                <key>pos</key>
                <string>{26,14}</string>
                <key>z</key>
                <integer>35</integer>
                <key>tag</key>
                <integer>2</integer>
            </dict>
            <key>mapSprite8</key>
            <dict>
                <key>spriteName</key>
                <string>cubeCardSprite</string>
                <key>mapSpriteName</key>
                <string>clip5</string>
                <key>pos</key>
                <string>{81,370}</string>
                <key>z</key>
                <integer>40</integer>
                <key>tag</key>
                <integer>5</integer>
            </dict>
            <key>mapSprite9</key>
            <dict>
                <key>spriteName</key>
                <string>cubeCardSprite</string>
                <key>mapSpriteName</key>
                <string>clip6</string>
                <key>pos</key>
                <string>{139,371}</string>
                <key>z</key>
                <integer>45</integer>
                <key>tag</key>
                <integer>6</integer>
            </dict>
            <key>mapSprite10</key>
            <dict>
                <key>spriteName</key>
                <string>cubeCardSprite</string>
                <key>mapSpriteName</key>
                <string>clip7</string>
                <key>pos</key>
                <string>{194,372}</string>
                <key>z</key>
                <integer>50</integer>
                <key>tag</key>
                <integer>7</integer>
            </dict>
            <key>mapSprite11</key>
            <dict>
                <key>spriteName</key>
                <string>cubeCardSprite</string>
                <key>mapSpriteName</key>
                <string>clip8</string>
                <key>pos</key>
                <string>{239,367}</string>
                <key>z</key>
                <integer>55</integer>
                <key>tag</key>
                <integer>8</integer>
            </dict>
            <key>mapSprite12</key>
            <dict>
                <key>spriteName</key>
                <string>cubeCardSprite</string>
                <key>mapSpriteName</key>
                <string>clip10</string>
                <key>pos</key>
                <string>{44,58}</string>
                <key>z</key>
                <integer>60</integer>
                <key>tag</key>
                <integer>10</integer>
            </dict>
            <key>mapSprite13</key>
            <dict>
                <key>spriteName</key>
                <string>cubeCardSprite</string>
                <key>mapSpriteName</key>
                <string>clip11</string>
                <key>pos</key>
                <string>{62,58}</string>
                <key>z</key>
                <integer>65</integer>
                <key>tag</key>
                <integer>11</integer>
            </dict>
            <key>mapSprite14</key>
            <dict>
                <key>spriteName</key>
                <string>cubeCardSprite</string>
                <key>mapSpriteName</key>
                <string>clip12</string>
                <key>pos</key>
                <string>{80,58}</string>
                <key>z</key>
                <integer>70</integer>
                <key>tag</key>
                <integer>12</integer>
            </dict>
            <key>mapSprite15</key>
            <dict>
                <key>spriteName</key>
                <string>cubeCardSprite</string>
                <key>mapSpriteName</key>
                <string>clip13</string>
                <key>pos</key>
                <string>{99,58}</string>
                <key>z</key>
                <integer>75</integer>
                <key>tag</key>
                <integer>13</integer>
            </dict>
            <key>mapSprite16</key>
            <dict>
                <key>spriteName</key>
                <string>cubeCardSprite</string>
                <key>mapSpriteName</key>
                <string>clip14</string>
                <key>pos</key>
                <string>{115,58}</string>
                <key>z</key>
                <integer>80</integer>
                <key>tag</key>
                <integer>14</integer>
            </dict>
        </dict>
    </dict>
</dict>
