<?xml version="1.0" encoding="UTF-8"?>
<dict>
    <key>mapInfo</key>
    <dict>
        <key>mapName</key>
        <string>mapName</string>
        <key>mapSize</key>
        <string>{100,100}</string>
        <key>backgroundColor</key>
        <string>{0,0,0,255}</string>
        <key>gridInfo</key>
        <string>{32,32,17,21}</string>
        <key>layerNameArray</key>
        <string>zhezao,newLayer,chushou</string>
    </dict>
    <key>walkWay</key>
    <dict/>
    <key>mapLayers</key>
    <dict>
        <key>zhezao</key>
        <dict>
            <key>mapSprite0</key>
            <dict>
                <key>spriteName</key>
                <string>chushoujiemian</string>
                <key>mapSpriteName</key>
                <string>chushoujiemian1.png</string>
                <key>pos</key>
                <string>{23,20}</string>
                <key>z</key>
                <integer>0</integer>
                <key>tag</key>
                <integer>0</integer>
            </dict>
            <key>mapSprite1</key>
            <dict>
                <key>spriteName</key>
                <string>chushoujiemian</string>
                <key>mapSpriteName</key>
                <string>chushoujiemian1.png</string>
                <key>pos</key>
                <string>{93,20}</string>
                <key>z</key>
                <integer>5</integer>
                <key>tag</key>
                <integer>1</integer>
            </dict>
            <key>mapSprite2</key>
            <dict>
                <key>spriteName</key>
                <string>chushoujiemian</string>
                <key>mapSpriteName</key>
                <string>chushoujiemian1.png</string>
                <key>pos</key>
                <string>{163,20}</string>
                <key>z</key>
                <integer>10</integer>
                <key>tag</key>
                <integer>2</integer>
            </dict>
            <key>mapSprite3</key>
            <dict>
                <key>spriteName</key>
                <string>chushoujiemian</string>
                <key>mapSpriteName</key>
                <string>chushoujiemian1.png</string>
                <key>pos</key>
                <string>{233,20}</string>
                <key>z</key>
                <integer>15</integer>
                <key>tag</key>
                <integer>3</integer>
            </dict>
            <key>mapSprite4</key>
            <dict>
                <key>spriteName</key>
                <string>chushoujiemian</string>
                <key>mapSpriteName</key>
                <string>chushoujiemian1.png</string>
                <key>pos</key>
                <string>{303,20}</string>
                <key>z</key>
                <integer>20</integer>
                <key>tag</key>
                <integer>4</integer>
            </dict>
            <key>mapSprite5</key>
            <dict>
                <key>spriteName</key>
                <string>chushoujiemian</string>
                <key>mapSpriteName</key>
                <string>chushoujiemian1.png</string>
                <key>pos</key>
                <string>{373,20}</string>
                <key>z</key>
                <integer>25</integer>
                <key>tag</key>
                <integer>5</integer>
            </dict>
            <key>mapSprite6</key>
            <dict>
                <key>spriteName</key>
                <string>chushoujiemian</string>
                <key>mapSpriteName</key>
                <string>chushoujiemian1.png</string>
                <key>pos</key>
                <string>{443,20}</string>
                <key>z</key>
                <integer>30</integer>
                <key>tag</key>
                <integer>6</integer>
            </dict>
        </dict>
        <key>newLayer</key>
        <dict>
            <key>mapSprite0</key>
            <dict>
                <key>spriteName</key>
                <string>qianghua</string>
                <key>mapSpriteName</key>
                <string>juxing_01.png</string>
                <key>pos</key>
                <string>{42,547}</string>
                <key>z</key>
                <integer>0</integer>
                <key>tag</key>
                <integer>0</integer>
            </dict>
            <key>mapSprite1</key>
            <dict>
                <key>spriteName</key>
                <string>qianghua</string>
                <key>mapSpriteName</key>
                <string>juxing_02.png</string>
                <key>pos</key>
                <string>{63,547}</string>
                <key>z</key>
                <integer>5</integer>
                <key>tag</key>
                <integer>1</integer>
            </dict>
            <key>mapSprite2</key>
            <dict>
                <key>spriteName</key>
                <string>qianghua</string>
                <key>mapSpriteName</key>
                <string>juxing_02.png</string>
                <key>pos</key>
                <string>{82,547}</string>
                <key>z</key>
                <integer>10</integer>
                <key>tag</key>
                <integer>2</integer>
            </dict>
            <key>mapSprite3</key>
            <dict>
                <key>spriteName</key>
                <string>qianghua</string>
                <key>mapSpriteName</key>
                <string>juxing_02.png</string>
                <key>pos</key>
                <string>{101,547}</string>
                <key>z</key>
                <integer>15</integer>
                <key>tag</key>
                <integer>3</integer>
            </dict>
            <key>mapSprite4</key>
            <dict>
                <key>spriteName</key>
                <string>qianghua</string>
                <key>mapSpriteName</key>
                <string>juxing_02.png</string>
                <key>pos</key>
                <string>{120,547}</string>
                <key>z</key>
                <integer>20</integer>
                <key>tag</key>
                <integer>4</integer>
            </dict>
            <key>mapSprite5</key>
            <dict>
                <key>spriteName</key>
                <string>qianghua</string>
                <key>mapSpriteName</key>
                <string>juxing_02.png</string>
                <key>pos</key>
                <string>{139,547}</string>
                <key>z</key>
                <integer>25</integer>
                <key>tag</key>
                <integer>5</integer>
            </dict>
            <key>mapSprite6</key>
            <dict>
                <key>spriteName</key>
                <string>qianghua</string>
                <key>mapSpriteName</key>
                <string>juxing_02.png</string>
                <key>pos</key>
                <string>{158,547}</string>
                <key>z</key>
                <integer>30</integer>
                <key>tag</key>
                <integer>6</integer>
            </dict>
            <key>mapSprite7</key>
            <dict>
                <key>spriteName</key>
                <string>qianghua</string>
                <key>mapSpriteName</key>
                <string>juxing_02.png</string>
                <key>pos</key>
                <string>{177,547}</string>
                <key>z</key>
                <integer>35</integer>
                <key>tag</key>
                <integer>7</integer>
            </dict>
            <key>mapSprite8</key>
            <dict>
                <key>spriteName</key>
                <string>qianghua</string>
                <key>mapSpriteName</key>
                <string>juxing_02.png</string>
                <key>pos</key>
                <string>{196,547}</string>
                <key>z</key>
                <integer>40</integer>
                <key>tag</key>
                <integer>8</integer>
            </dict>
            <key>mapSprite9</key>
            <dict>
                <key>spriteName</key>
                <string>qianghua</string>
                <key>mapSpriteName</key>
                <string>juxing_02.png</string>
                <key>pos</key>
                <string>{215,547}</string>
                <key>z</key>
                <integer>45</integer>
                <key>tag</key>
                <integer>9</integer>
            </dict>
            <key>mapSprite10</key>
            <dict>
                <key>spriteName</key>
                <string>qianghua</string>
                <key>mapSpriteName</key>
                <string>juxing_02.png</string>
                <key>pos</key>
                <string>{234,547}</string>
                <key>z</key>
                <integer>50</integer>
                <key>tag</key>
                <integer>10</integer>
            </dict>
            <key>mapSprite11</key>
            <dict>
                <key>spriteName</key>
                <string>qianghua</string>
                <key>mapSpriteName</key>
                <string>juxing_02.png</string>
                <key>pos</key>
                <string>{253,547}</string>
                <key>z</key>
                <integer>55</integer>
                <key>tag</key>
                <integer>11</integer>
            </dict>
            <key>mapSprite12</key>
            <dict>
                <key>spriteName</key>
                <string>qianghua</string>
                <key>mapSpriteName</key>
                <string>juxing_02.png</string>
                <key>pos</key>
                <string>{272,547}</string>
                <key>z</key>
                <integer>60</integer>
                <key>tag</key>
                <integer>12</integer>
            </dict>
            <key>mapSprite13</key>
            <dict>
                <key>spriteName</key>
                <string>qianghua</string>
                <key>mapSpriteName</key>
                <string>juxing_02.png</string>
                <key>pos</key>
                <string>{291,547}</string>
                <key>z</key>
                <integer>65</integer>
                <key>tag</key>
                <integer>13</integer>
            </dict>
            <key>mapSprite14</key>
            <dict>
                <key>spriteName</key>
                <string>qianghua</string>
                <key>mapSpriteName</key>
                <string>juxing_02.png</string>
                <key>pos</key>
                <string>{310,547}</string>
                <key>z</key>
                <integer>70</integer>
                <key>tag</key>
                <integer>14</integer>
            </dict>
            <key>mapSprite15</key>
            <dict>
                <key>spriteName</key>
                <string>qianghua</string>
                <key>mapSpriteName</key>
                <string>juxing_02.png</string>
                <key>pos</key>
                <string>{329,547}</string>
                <key>z</key>
                <integer>75</integer>
                <key>tag</key>
                <integer>15</integer>
            </dict>
            <key>mapSprite16</key>
            <dict>
                <key>spriteName</key>
                <string>qianghua</string>
                <key>mapSpriteName</key>
                <string>juxing_02.png</string>
                <key>pos</key>
                <string>{348,547}</string>
                <key>z</key>
                <integer>80</integer>
                <key>tag</key>
                <integer>16</integer>
            </dict>
            <key>mapSprite17</key>
            <dict>
                <key>spriteName</key>
                <string>qianghua</string>
                <key>mapSpriteName</key>
                <string>juxing_02.png</string>
                <key>pos</key>
                <string>{367,547}</string>
                <key>z</key>
                <integer>85</integer>
                <key>tag</key>
                <integer>17</integer>
            </dict>
            <key>mapSprite18</key>
            <dict>
                <key>spriteName</key>
                <string>qianghua</string>
                <key>mapSpriteName</key>
                <string>juxing_02.png</string>
                <key>pos</key>
                <string>{386,547}</string>
                <key>z</key>
                <integer>90</integer>
                <key>tag</key>
                <integer>18</integer>
            </dict>
            <key>mapSprite19</key>
            <dict>
                <key>spriteName</key>
                <string>qianghua</string>
                <key>mapSpriteName</key>
                <string>juxing_02.png</string>
                <key>pos</key>
                <string>{405,547}</string>
                <key>z</key>
                <integer>95</integer>
                <key>tag</key>
                <integer>19</integer>
            </dict>
            <key>mapSprite20</key>
            <dict>
                <key>spriteName</key>
                <string>qianghua</string>
                <key>mapSpriteName</key>
                <string>juxing_02.png</string>
                <key>pos</key>
                <string>{424,547}</string>
                <key>z</key>
                <integer>100</integer>
                <key>tag</key>
                <integer>20</integer>
            </dict>
            <key>mapSprite21</key>
            <dict>
                <key>spriteName</key>
                <string>qianghua</string>
                <key>mapSpriteName</key>
                <string>juxing_02.png</string>
                <key>pos</key>
                <string>{443,547}</string>
                <key>z</key>
                <integer>105</integer>
                <key>tag</key>
                <integer>21</integer>
            </dict>
            <key>mapSprite22</key>
            <dict>
                <key>spriteName</key>
                <string>qianghua</string>
                <key>mapSpriteName</key>
                <string>juxing_04.png</string>
                <key>pos</key>
                <string>{481,547}</string>
                <key>z</key>
                <integer>110</integer>
                <key>tag</key>
                <integer>22</integer>
            </dict>
            <key>mapSprite23</key>
            <dict>
                <key>spriteName</key>
                <string>qianghua</string>
                <key>mapSpriteName</key>
                <string>juxing_02.png</string>
                <key>pos</key>
                <string>{462,547}</string>
                <key>z</key>
                <integer>115</integer>
                <key>tag</key>
                <integer>23</integer>
            </dict>
            <key>mapSprite24</key>
            <dict>
                <key>spriteName</key>
                <string>zhenxingfudong</string>
                <key>mapSpriteName</key>
                <string>10.png</string>
                <key>pos</key>
                <string>{324,584}</string>
                <key>z</key>
                <integer>125</integer>
                <key>tag</key>
                <integer>25</integer>
            </dict>
        </dict>
        <key>chushou</key>
        <dict>
            <key>mapSprite0</key>
            <dict>
                <key>spriteName</key>
                <string>chushoujiemian</string>
                <key>mapSpriteName</key>
                <string>chushoujiemian2.png</string>
                <key>pos</key>
                <string>{49,42}</string>
                <key>z</key>
                <integer>0</integer>
                <key>tag</key>
                <integer>0</integer>
            </dict>
        </dict>
    </dict>
</dict>
