<?xml version="1.0" encoding="UTF-8"?>
<dict>
    <key>mapInfo</key>
    <dict>
        <key>mapName</key>
        <string>confirm</string>
        <key>mapSize</key>
        <string>{100,100}</string>
        <key>backgroundColor</key>
        <string>{33,123,128,255}</string>
        <key>gridInfo</key>
        <string>{64,64,16,12}</string>
        <key>layerNameArray</key>
        <string>outline,confirm_1,confirm_2</string>
    </dict>
    <key>walkWay</key>
    <dict/>
    <key>mapLayers</key>
    <dict>
        <key>outline</key>
        <dict>
            <key>mapSprite0</key>
            <dict>
                <key>spriteName</key>
                <string>confirm</string>
                <key>mapSpriteName</key>
                <string>clip5</string>
                <key>pos</key>
                <string>{285,207}</string>
                <key>z</key>
                <integer>0</integer>
                <key>tag</key>
                <integer>0</integer>
            </dict>
            <key>mapSprite1</key>
            <dict>
                <key>spriteName</key>
                <string>confirm</string>
                <key>mapSpriteName</key>
                <string>clip4</string>
                <key>pos</key>
                <string>{447,417}</string>
                <key>z</key>
                <integer>5</integer>
                <key>tag</key>
                <integer>1</integer>
            </dict>
        </dict>
        <key>confirm_1</key>
        <dict>
            <key>mapSprite0</key>
            <dict>
                <key>spriteName</key>
                <string>confirm</string>
                <key>mapSpriteName</key>
                <string>clip3</string>
                <key>pos</key>
                <string>{340,285}</string>
                <key>z</key>
                <integer>0</integer>
                <key>tag</key>
                <integer>0</integer>
            </dict>
            <key>mapSprite1</key>
            <dict>
                <key>spriteName</key>
                <string>confirm</string>
                <key>mapSpriteName</key>
                <string>clip2</string>
                <key>pos</key>
                <string>{441,295}</string>
                <key>z</key>
                <integer>5</integer>
                <key>tag</key>
                <integer>1</integer>
            </dict>
        </dict>
        <key>confirm_2</key>
        <dict>
            <key>mapSprite0</key>
            <dict>
                <key>spriteName</key>
                <string>confirm</string>
                <key>mapSpriteName</key>
                <string>clip0</string>
                <key>pos</key>
                <string>{345,287}</string>
                <key>z</key>
                <integer>0</integer>
                <key>tag</key>
                <integer>0</integer>
            </dict>
            <key>mapSprite1</key>
            <dict>
                <key>spriteName</key>
                <string>confirm</string>
                <key>mapSpriteName</key>
                <string>clip1</string>
                <key>pos</key>
                <string>{476,301}</string>
                <key>z</key>
                <integer>5</integer>
                <key>tag</key>
                <integer>1</integer>
            </dict>
        </dict>
    </dict>
</dict>
