<?xml version="1.0" encoding="UTF-8"?>
<dict>
	<key>mapInfo</key>
	<dict>
		<key>mapName</key>
		<string>cuowutishijiemian</string>
		<key>mapSize</key>
		<string>{100,100}</string>
		<key>backgroundColor</key>
		<string>{33,33,33,255}</string>
		<key>gridInfo</key>
		<string>{64,64,16,12}</string>
		<key>layerNameArray</key>
		<string>baoguo_0,baoguo_1,baoguo_2,baoguo_3,baoguo_4,baoguo_5,baoguo_6,baoguo_7,baoguo_8</string>
	</dict>
	<key>walkWay</key>
	<dict/>
	<key>mapLayers</key>
	<dict>
		<key>baoguo_0</key>
		<dict>
			<key>mapSprite0</key>
			<dict>
				<key>spriteName</key>
				<string>baoguoziyuan1</string>
				<key>mapSpriteName</key>
				<string>Label_0_39.png</string>
				<key>pos</key>
				<string>{83,104}</string>
				<key>z</key>
				<integer>0</integer>
				<key>tag</key>
				<integer>0</integer>
			</dict>
			<key>mapSprite1</key>
			<dict>
				<key>spriteName</key>
				<string>baoguoziyuan1</string>
				<key>mapSpriteName</key>
				<string>Label_0_88.png</string>
				<key>pos</key>
				<string>{319,270}</string>
				<key>z</key>
				<integer>5</integer>
				<key>tag</key>
				<integer>1</integer>
			</dict>
			<key>mapSprite2</key>
			<dict>
				<key>spriteName</key>
				<string>baoguoziyuan1</string>
				<key>mapSpriteName</key>
				<string>Label_0_90.png</string>
				<key>pos</key>
				<string>{83,270}</string>
				<key>z</key>
				<integer>10</integer>
				<key>tag</key>
				<integer>2</integer>
			</dict>
			<key>mapSprite3</key>
			<dict>
				<key>spriteName</key>
				<string>baoguoziyuan1</string>
				<key>mapSpriteName</key>
				<string>Label_0_51.png</string>
				<key>pos</key>
				<string>{319,104}</string>
				<key>z</key>
				<integer>15</integer>
				<key>tag</key>
				<integer>3</integer>
			</dict>
			<key>mapSprite4</key>
			<dict>
				<key>spriteName</key>
				<string>baoguoziyuan1</string>
				<key>mapSpriteName</key>
				<string>Label_0_49.png</string>
				<key>pos</key>
				<string>{123,104}</string>
				<key>z</key>
				<integer>20</integer>
				<key>tag</key>
				<integer>4</integer>
			</dict>
			<key>mapSprite5</key>
			<dict>
				<key>spriteName</key>
				<string>baoguoziyuan1</string>
				<key>mapSpriteName</key>
				<string>Label_0_49.png</string>
				<key>pos</key>
				<string>{173,104}</string>
				<key>z</key>
				<integer>25</integer>
				<key>tag</key>
				<integer>5</integer>
			</dict>
			<key>mapSprite6</key>
			<dict>
				<key>spriteName</key>
				<string>baoguoziyuan1</string>
				<key>mapSpriteName</key>
				<string>Label_0_49.png</string>
				<key>pos</key>
				<string>{223,104}</string>
				<key>z</key>
				<integer>30</integer>
				<key>tag</key>
				<integer>6</integer>
			</dict>
			<key>mapSprite7</key>
			<dict>
				<key>spriteName</key>
				<string>baoguoziyuan1</string>
				<key>mapSpriteName</key>
				<string>Label_0_49.png</string>
				<key>pos</key>
				<string>{273,104}</string>
				<key>z</key>
				<integer>35</integer>
				<key>tag</key>
				<integer>7</integer>
			</dict>
			<key>mapSprite8</key>
			<dict>
				<key>spriteName</key>
				<string>baoguoziyuan1</string>
				<key>mapSpriteName</key>
				<string>Label_0_84.png</string>
				<key>pos</key>
				<string>{123,279}</string>
				<key>z</key>
				<integer>40</integer>
				<key>tag</key>
				<integer>8</integer>
			</dict>
			<key>mapSprite9</key>
			<dict>
				<key>spriteName</key>
				<string>baoguoziyuan1</string>
				<key>mapSpriteName</key>
				<string>Label_0_84.png</string>
				<key>pos</key>
				<string>{172,279}</string>
				<key>z</key>
				<integer>45</integer>
				<key>tag</key>
				<integer>9</integer>
			</dict>
			<key>mapSprite10</key>
			<dict>
				<key>spriteName</key>
				<string>baoguoziyuan1</string>
				<key>mapSpriteName</key>
				<string>Label_0_84.png</string>
				<key>pos</key>
				<string>{221,279}</string>
				<key>z</key>
				<integer>50</integer>
				<key>tag</key>
				<integer>10</integer>
			</dict>
			<key>mapSprite11</key>
			<dict>
				<key>spriteName</key>
				<string>baoguoziyuan1</string>
				<key>mapSpriteName</key>
				<string>Label_0_84.png</string>
				<key>pos</key>
				<string>{270,279}</string>
				<key>z</key>
				<integer>55</integer>
				<key>tag</key>
				<integer>11</integer>
			</dict>
			<key>mapSprite12</key>
			<dict>
				<key>spriteName</key>
				<string>baoguoziyuan2</string>
				<key>mapSpriteName</key>
				<string>Label_1_67.png</string>
				<key>pos</key>
				<string>{83,140}</string>
				<key>z</key>
				<integer>60</integer>
				<key>tag</key>
				<integer>12</integer>
			</dict>
			<key>mapSprite13</key>
			<dict>
				<key>spriteName</key>
				<string>baoguoziyuan2</string>
				<key>mapSpriteName</key>
				<string>Label_1_67.png</string>
				<key>pos</key>
				<string>{83,205}</string>
				<key>z</key>
				<integer>65</integer>
				<key>tag</key>
				<integer>13</integer>
			</dict>
			<key>mapSprite14</key>
			<dict>
				<key>spriteName</key>
				<string>baoguoziyuan2</string>
				<key>mapSpriteName</key>
				<string>Label_1_70.png</string>
				<key>pos</key>
				<string>{331,140}</string>
				<key>z</key>
				<integer>70</integer>
				<key>tag</key>
				<integer>14</integer>
			</dict>
			<key>mapSprite15</key>
			<dict>
				<key>spriteName</key>
				<string>baoguoziyuan2</string>
				<key>mapSpriteName</key>
				<string>Label_1_70.png</string>
				<key>pos</key>
				<string>{331,205}</string>
				<key>z</key>
				<integer>75</integer>
				<key>tag</key>
				<integer>15</integer>
			</dict>
			<key>mapSprite16</key>
			<dict>
				<key>spriteName</key>
				<string>baoguoziyuan1</string>
				<key>mapSpriteName</key>
				<string>Label_0_01.png</string>
				<key>pos</key>
				<string>{82,105}</string>
				<key>z</key>
				<integer>80</integer>
				<key>tag</key>
				<integer>16</integer>
			</dict>
			<key>mapSprite17</key>
			<dict>
				<key>spriteName</key>
				<string>baoguoziyuan1</string>
				<key>mapSpriteName</key>
				<string>Label_0_07.png</string>
				<key>pos</key>
				<string>{86,138}</string>
				<key>z</key>
				<integer>85</integer>
				<key>tag</key>
				<integer>17</integer>
			</dict>
			<key>mapSprite18</key>
			<dict>
				<key>spriteName</key>
				<string>baoguoziyuan1</string>
				<key>mapSpriteName</key>
				<string>Label_0_02.png</string>
				<key>pos</key>
				<string>{169,201}</string>
				<key>z</key>
				<integer>90</integer>
				<key>tag</key>
				<integer>18</integer>
			</dict>
			<key>mapSprite19</key>
			<dict>
				<key>spriteName</key>
				<string>baoguoziyuan1</string>
				<key>mapSpriteName</key>
				<string>Label_0_11.png</string>
				<key>pos</key>
				<string>{87,273}</string>
				<key>z</key>
				<integer>95</integer>
				<key>tag</key>
				<integer>19</integer>
			</dict>
			<key>mapSprite20</key>
			<dict>
				<key>spriteName</key>
				<string>baoguoziyuan1</string>
				<key>mapSpriteName</key>
				<string>Label_0_11.png</string>
				<key>pos</key>
				<string>{237,272}</string>
				<key>z</key>
				<integer>100</integer>
				<key>tag</key>
				<integer>20</integer>
			</dict>
		</dict>
		<key>baoguo_1</key>
		<dict>
			<key>mapSprite0</key>
			<dict>
				<key>spriteName</key>
				<string>baoguoziyuan1</string>
				<key>mapSpriteName</key>
				<string>Label_0_39.png</string>
				<key>pos</key>
				<string>{368,104}</string>
				<key>z</key>
				<integer>0</integer>
				<key>tag</key>
				<integer>0</integer>
			</dict>
			<key>mapSprite1</key>
			<dict>
				<key>spriteName</key>
				<string>baoguoziyuan1</string>
				<key>mapSpriteName</key>
				<string>Label_0_88.png</string>
				<key>pos</key>
				<string>{604,270}</string>
				<key>z</key>
				<integer>5</integer>
				<key>tag</key>
				<integer>1</integer>
			</dict>
			<key>mapSprite2</key>
			<dict>
				<key>spriteName</key>
				<string>baoguoziyuan1</string>
				<key>mapSpriteName</key>
				<string>Label_0_90.png</string>
				<key>pos</key>
				<string>{368,270}</string>
				<key>z</key>
				<integer>10</integer>
				<key>tag</key>
				<integer>2</integer>
			</dict>
			<key>mapSprite3</key>
			<dict>
				<key>spriteName</key>
				<string>baoguoziyuan1</string>
				<key>mapSpriteName</key>
				<string>Label_0_51.png</string>
				<key>pos</key>
				<string>{604,104}</string>
				<key>z</key>
				<integer>15</integer>
				<key>tag</key>
				<integer>3</integer>
			</dict>
			<key>mapSprite4</key>
			<dict>
				<key>spriteName</key>
				<string>baoguoziyuan1</string>
				<key>mapSpriteName</key>
				<string>Label_0_49.png</string>
				<key>pos</key>
				<string>{408,104}</string>
				<key>z</key>
				<integer>20</integer>
				<key>tag</key>
				<integer>4</integer>
			</dict>
			<key>mapSprite5</key>
			<dict>
				<key>spriteName</key>
				<string>baoguoziyuan1</string>
				<key>mapSpriteName</key>
				<string>Label_0_49.png</string>
				<key>pos</key>
				<string>{458,104}</string>
				<key>z</key>
				<integer>25</integer>
				<key>tag</key>
				<integer>5</integer>
			</dict>
			<key>mapSprite6</key>
			<dict>
				<key>spriteName</key>
				<string>baoguoziyuan1</string>
				<key>mapSpriteName</key>
				<string>Label_0_49.png</string>
				<key>pos</key>
				<string>{508,104}</string>
				<key>z</key>
				<integer>30</integer>
				<key>tag</key>
				<integer>6</integer>
			</dict>
			<key>mapSprite7</key>
			<dict>
				<key>spriteName</key>
				<string>baoguoziyuan1</string>
				<key>mapSpriteName</key>
				<string>Label_0_49.png</string>
				<key>pos</key>
				<string>{558,104}</string>
				<key>z</key>
				<integer>35</integer>
				<key>tag</key>
				<integer>7</integer>
			</dict>
			<key>mapSprite8</key>
			<dict>
				<key>spriteName</key>
				<string>baoguoziyuan1</string>
				<key>mapSpriteName</key>
				<string>Label_0_84.png</string>
				<key>pos</key>
				<string>{408,279}</string>
				<key>z</key>
				<integer>40</integer>
				<key>tag</key>
				<integer>8</integer>
			</dict>
			<key>mapSprite9</key>
			<dict>
				<key>spriteName</key>
				<string>baoguoziyuan1</string>
				<key>mapSpriteName</key>
				<string>Label_0_84.png</string>
				<key>pos</key>
				<string>{457,279}</string>
				<key>z</key>
				<integer>45</integer>
				<key>tag</key>
				<integer>9</integer>
			</dict>
			<key>mapSprite10</key>
			<dict>
				<key>spriteName</key>
				<string>baoguoziyuan1</string>
				<key>mapSpriteName</key>
				<string>Label_0_84.png</string>
				<key>pos</key>
				<string>{506,279}</string>
				<key>z</key>
				<integer>50</integer>
				<key>tag</key>
				<integer>10</integer>
			</dict>
			<key>mapSprite11</key>
			<dict>
				<key>spriteName</key>
				<string>baoguoziyuan1</string>
				<key>mapSpriteName</key>
				<string>Label_0_84.png</string>
				<key>pos</key>
				<string>{555,279}</string>
				<key>z</key>
				<integer>55</integer>
				<key>tag</key>
				<integer>11</integer>
			</dict>
			<key>mapSprite12</key>
			<dict>
				<key>spriteName</key>
				<string>baoguoziyuan2</string>
				<key>mapSpriteName</key>
				<string>Label_1_67.png</string>
				<key>pos</key>
				<string>{368,140}</string>
				<key>z</key>
				<integer>60</integer>
				<key>tag</key>
				<integer>12</integer>
			</dict>
			<key>mapSprite13</key>
			<dict>
				<key>spriteName</key>
				<string>baoguoziyuan2</string>
				<key>mapSpriteName</key>
				<string>Label_1_67.png</string>
				<key>pos</key>
				<string>{368,205}</string>
				<key>z</key>
				<integer>65</integer>
				<key>tag</key>
				<integer>13</integer>
			</dict>
			<key>mapSprite14</key>
			<dict>
				<key>spriteName</key>
				<string>baoguoziyuan2</string>
				<key>mapSpriteName</key>
				<string>Label_1_70.png</string>
				<key>pos</key>
				<string>{616,140}</string>
				<key>z</key>
				<integer>70</integer>
				<key>tag</key>
				<integer>14</integer>
			</dict>
			<key>mapSprite15</key>
			<dict>
				<key>spriteName</key>
				<string>baoguoziyuan2</string>
				<key>mapSpriteName</key>
				<string>Label_1_70.png</string>
				<key>pos</key>
				<string>{616,205}</string>
				<key>z</key>
				<integer>75</integer>
				<key>tag</key>
				<integer>15</integer>
			</dict>
			<key>mapSprite16</key>
			<dict>
				<key>spriteName</key>
				<string>baoguoziyuan1</string>
				<key>mapSpriteName</key>
				<string>Label_0_01.png</string>
				<key>pos</key>
				<string>{367,105}</string>
				<key>z</key>
				<integer>80</integer>
				<key>tag</key>
				<integer>16</integer>
			</dict>
			<key>mapSprite17</key>
			<dict>
				<key>spriteName</key>
				<string>baoguoziyuan1</string>
				<key>mapSpriteName</key>
				<string>Label_0_07.png</string>
				<key>pos</key>
				<string>{371,138}</string>
				<key>z</key>
				<integer>85</integer>
				<key>tag</key>
				<integer>17</integer>
			</dict>
			<key>mapSprite18</key>
			<dict>
				<key>spriteName</key>
				<string>baoguoziyuan1</string>
				<key>mapSpriteName</key>
				<string>Label_0_02.png</string>
				<key>pos</key>
				<string>{454,201}</string>
				<key>z</key>
				<integer>90</integer>
				<key>tag</key>
				<integer>18</integer>
			</dict>
			<key>mapSprite19</key>
			<dict>
				<key>spriteName</key>
				<string>baoguoziyuan1</string>
				<key>mapSpriteName</key>
				<string>Label_0_11.png</string>
				<key>pos</key>
				<string>{372,273}</string>
				<key>z</key>
				<integer>95</integer>
				<key>tag</key>
				<integer>19</integer>
			</dict>
			<key>mapSprite20</key>
			<dict>
				<key>spriteName</key>
				<string>baoguoziyuan1</string>
				<key>mapSpriteName</key>
				<string>Label_0_11.png</string>
				<key>pos</key>
				<string>{522,272}</string>
				<key>z</key>
				<integer>100</integer>
				<key>tag</key>
				<integer>20</integer>
			</dict>
		</dict>
		<key>baoguo_2</key>
		<dict>
			<key>mapSprite0</key>
			<dict>
				<key>spriteName</key>
				<string>baoguoziyuan1</string>
				<key>mapSpriteName</key>
				<string>Label_0_39.png</string>
				<key>pos</key>
				<string>{654,103}</string>
				<key>z</key>
				<integer>0</integer>
				<key>tag</key>
				<integer>0</integer>
			</dict>
			<key>mapSprite1</key>
			<dict>
				<key>spriteName</key>
				<string>baoguoziyuan1</string>
				<key>mapSpriteName</key>
				<string>Label_0_88.png</string>
				<key>pos</key>
				<string>{890,269}</string>
				<key>z</key>
				<integer>5</integer>
				<key>tag</key>
				<integer>1</integer>
			</dict>
			<key>mapSprite2</key>
			<dict>
				<key>spriteName</key>
				<string>baoguoziyuan1</string>
				<key>mapSpriteName</key>
				<string>Label_0_90.png</string>
				<key>pos</key>
				<string>{654,269}</string>
				<key>z</key>
				<integer>10</integer>
				<key>tag</key>
				<integer>2</integer>
			</dict>
			<key>mapSprite3</key>
			<dict>
				<key>spriteName</key>
				<string>baoguoziyuan1</string>
				<key>mapSpriteName</key>
				<string>Label_0_51.png</string>
				<key>pos</key>
				<string>{890,103}</string>
				<key>z</key>
				<integer>15</integer>
				<key>tag</key>
				<integer>3</integer>
			</dict>
			<key>mapSprite4</key>
			<dict>
				<key>spriteName</key>
				<string>baoguoziyuan1</string>
				<key>mapSpriteName</key>
				<string>Label_0_49.png</string>
				<key>pos</key>
				<string>{694,103}</string>
				<key>z</key>
				<integer>20</integer>
				<key>tag</key>
				<integer>4</integer>
			</dict>
			<key>mapSprite5</key>
			<dict>
				<key>spriteName</key>
				<string>baoguoziyuan1</string>
				<key>mapSpriteName</key>
				<string>Label_0_49.png</string>
				<key>pos</key>
				<string>{744,103}</string>
				<key>z</key>
				<integer>25</integer>
				<key>tag</key>
				<integer>5</integer>
			</dict>
			<key>mapSprite6</key>
			<dict>
				<key>spriteName</key>
				<string>baoguoziyuan1</string>
				<key>mapSpriteName</key>
				<string>Label_0_49.png</string>
				<key>pos</key>
				<string>{794,103}</string>
				<key>z</key>
				<integer>30</integer>
				<key>tag</key>
				<integer>6</integer>
			</dict>
			<key>mapSprite7</key>
			<dict>
				<key>spriteName</key>
				<string>baoguoziyuan1</string>
				<key>mapSpriteName</key>
				<string>Label_0_49.png</string>
				<key>pos</key>
				<string>{844,103}</string>
				<key>z</key>
				<integer>35</integer>
				<key>tag</key>
				<integer>7</integer>
			</dict>
			<key>mapSprite8</key>
			<dict>
				<key>spriteName</key>
				<string>baoguoziyuan1</string>
				<key>mapSpriteName</key>
				<string>Label_0_84.png</string>
				<key>pos</key>
				<string>{694,278}</string>
				<key>z</key>
				<integer>40</integer>
				<key>tag</key>
				<integer>8</integer>
			</dict>
			<key>mapSprite9</key>
			<dict>
				<key>spriteName</key>
				<string>baoguoziyuan1</string>
				<key>mapSpriteName</key>
				<string>Label_0_84.png</string>
				<key>pos</key>
				<string>{743,278}</string>
				<key>z</key>
				<integer>45</integer>
				<key>tag</key>
				<integer>9</integer>
			</dict>
			<key>mapSprite10</key>
			<dict>
				<key>spriteName</key>
				<string>baoguoziyuan1</string>
				<key>mapSpriteName</key>
				<string>Label_0_84.png</string>
				<key>pos</key>
				<string>{792,278}</string>
				<key>z</key>
				<integer>50</integer>
				<key>tag</key>
				<integer>10</integer>
			</dict>
			<key>mapSprite11</key>
			<dict>
				<key>spriteName</key>
				<string>baoguoziyuan1</string>
				<key>mapSpriteName</key>
				<string>Label_0_84.png</string>
				<key>pos</key>
				<string>{841,278}</string>
				<key>z</key>
				<integer>55</integer>
				<key>tag</key>
				<integer>11</integer>
			</dict>
			<key>mapSprite12</key>
			<dict>
				<key>spriteName</key>
				<string>baoguoziyuan2</string>
				<key>mapSpriteName</key>
				<string>Label_1_67.png</string>
				<key>pos</key>
				<string>{654,139}</string>
				<key>z</key>
				<integer>60</integer>
				<key>tag</key>
				<integer>12</integer>
			</dict>
			<key>mapSprite13</key>
			<dict>
				<key>spriteName</key>
				<string>baoguoziyuan2</string>
				<key>mapSpriteName</key>
				<string>Label_1_67.png</string>
				<key>pos</key>
				<string>{654,204}</string>
				<key>z</key>
				<integer>65</integer>
				<key>tag</key>
				<integer>13</integer>
			</dict>
			<key>mapSprite14</key>
			<dict>
				<key>spriteName</key>
				<string>baoguoziyuan2</string>
				<key>mapSpriteName</key>
				<string>Label_1_70.png</string>
				<key>pos</key>
				<string>{902,139}</string>
				<key>z</key>
				<integer>70</integer>
				<key>tag</key>
				<integer>14</integer>
			</dict>
			<key>mapSprite15</key>
			<dict>
				<key>spriteName</key>
				<string>baoguoziyuan2</string>
				<key>mapSpriteName</key>
				<string>Label_1_70.png</string>
				<key>pos</key>
				<string>{902,204}</string>
				<key>z</key>
				<integer>75</integer>
				<key>tag</key>
				<integer>15</integer>
			</dict>
			<key>mapSprite16</key>
			<dict>
				<key>spriteName</key>
				<string>baoguoziyuan1</string>
				<key>mapSpriteName</key>
				<string>Label_0_01.png</string>
				<key>pos</key>
				<string>{653,104}</string>
				<key>z</key>
				<integer>80</integer>
				<key>tag</key>
				<integer>16</integer>
			</dict>
			<key>mapSprite17</key>
			<dict>
				<key>spriteName</key>
				<string>baoguoziyuan1</string>
				<key>mapSpriteName</key>
				<string>Label_0_07.png</string>
				<key>pos</key>
				<string>{657,137}</string>
				<key>z</key>
				<integer>85</integer>
				<key>tag</key>
				<integer>17</integer>
			</dict>
			<key>mapSprite18</key>
			<dict>
				<key>spriteName</key>
				<string>baoguoziyuan1</string>
				<key>mapSpriteName</key>
				<string>Label_0_02.png</string>
				<key>pos</key>
				<string>{740,200}</string>
				<key>z</key>
				<integer>90</integer>
				<key>tag</key>
				<integer>18</integer>
			</dict>
			<key>mapSprite19</key>
			<dict>
				<key>spriteName</key>
				<string>baoguoziyuan1</string>
				<key>mapSpriteName</key>
				<string>Label_0_11.png</string>
				<key>pos</key>
				<string>{658,272}</string>
				<key>z</key>
				<integer>95</integer>
				<key>tag</key>
				<integer>19</integer>
			</dict>
			<key>mapSprite20</key>
			<dict>
				<key>spriteName</key>
				<string>baoguoziyuan1</string>
				<key>mapSpriteName</key>
				<string>Label_0_11.png</string>
				<key>pos</key>
				<string>{808,271}</string>
				<key>z</key>
				<integer>100</integer>
				<key>tag</key>
				<integer>20</integer>
			</dict>
		</dict>
		<key>baoguo_3</key>
		<dict>
			<key>mapSprite0</key>
			<dict>
				<key>spriteName</key>
				<string>baoguoziyuan1</string>
				<key>mapSpriteName</key>
				<string>Label_0_39.png</string>
				<key>pos</key>
				<string>{82,309}</string>
				<key>z</key>
				<integer>0</integer>
				<key>tag</key>
				<integer>0</integer>
			</dict>
			<key>mapSprite1</key>
			<dict>
				<key>spriteName</key>
				<string>baoguoziyuan1</string>
				<key>mapSpriteName</key>
				<string>Label_0_88.png</string>
				<key>pos</key>
				<string>{318,475}</string>
				<key>z</key>
				<integer>5</integer>
				<key>tag</key>
				<integer>1</integer>
			</dict>
			<key>mapSprite2</key>
			<dict>
				<key>spriteName</key>
				<string>baoguoziyuan1</string>
				<key>mapSpriteName</key>
				<string>Label_0_90.png</string>
				<key>pos</key>
				<string>{82,475}</string>
				<key>z</key>
				<integer>10</integer>
				<key>tag</key>
				<integer>2</integer>
			</dict>
			<key>mapSprite3</key>
			<dict>
				<key>spriteName</key>
				<string>baoguoziyuan1</string>
				<key>mapSpriteName</key>
				<string>Label_0_51.png</string>
				<key>pos</key>
				<string>{318,309}</string>
				<key>z</key>
				<integer>15</integer>
				<key>tag</key>
				<integer>3</integer>
			</dict>
			<key>mapSprite4</key>
			<dict>
				<key>spriteName</key>
				<string>baoguoziyuan1</string>
				<key>mapSpriteName</key>
				<string>Label_0_49.png</string>
				<key>pos</key>
				<string>{122,309}</string>
				<key>z</key>
				<integer>20</integer>
				<key>tag</key>
				<integer>4</integer>
			</dict>
			<key>mapSprite5</key>
			<dict>
				<key>spriteName</key>
				<string>baoguoziyuan1</string>
				<key>mapSpriteName</key>
				<string>Label_0_49.png</string>
				<key>pos</key>
				<string>{172,309}</string>
				<key>z</key>
				<integer>25</integer>
				<key>tag</key>
				<integer>5</integer>
			</dict>
			<key>mapSprite6</key>
			<dict>
				<key>spriteName</key>
				<string>baoguoziyuan1</string>
				<key>mapSpriteName</key>
				<string>Label_0_49.png</string>
				<key>pos</key>
				<string>{222,309}</string>
				<key>z</key>
				<integer>30</integer>
				<key>tag</key>
				<integer>6</integer>
			</dict>
			<key>mapSprite7</key>
			<dict>
				<key>spriteName</key>
				<string>baoguoziyuan1</string>
				<key>mapSpriteName</key>
				<string>Label_0_49.png</string>
				<key>pos</key>
				<string>{272,309}</string>
				<key>z</key>
				<integer>35</integer>
				<key>tag</key>
				<integer>7</integer>
			</dict>
			<key>mapSprite8</key>
			<dict>
				<key>spriteName</key>
				<string>baoguoziyuan1</string>
				<key>mapSpriteName</key>
				<string>Label_0_84.png</string>
				<key>pos</key>
				<string>{122,484}</string>
				<key>z</key>
				<integer>40</integer>
				<key>tag</key>
				<integer>8</integer>
			</dict>
			<key>mapSprite9</key>
			<dict>
				<key>spriteName</key>
				<string>baoguoziyuan1</string>
				<key>mapSpriteName</key>
				<string>Label_0_84.png</string>
				<key>pos</key>
				<string>{171,484}</string>
				<key>z</key>
				<integer>45</integer>
				<key>tag</key>
				<integer>9</integer>
			</dict>
			<key>mapSprite10</key>
			<dict>
				<key>spriteName</key>
				<string>baoguoziyuan1</string>
				<key>mapSpriteName</key>
				<string>Label_0_84.png</string>
				<key>pos</key>
				<string>{220,484}</string>
				<key>z</key>
				<integer>50</integer>
				<key>tag</key>
				<integer>10</integer>
			</dict>
			<key>mapSprite11</key>
			<dict>
				<key>spriteName</key>
				<string>baoguoziyuan1</string>
				<key>mapSpriteName</key>
				<string>Label_0_84.png</string>
				<key>pos</key>
				<string>{269,484}</string>
				<key>z</key>
				<integer>55</integer>
				<key>tag</key>
				<integer>11</integer>
			</dict>
			<key>mapSprite12</key>
			<dict>
				<key>spriteName</key>
				<string>baoguoziyuan2</string>
				<key>mapSpriteName</key>
				<string>Label_1_67.png</string>
				<key>pos</key>
				<string>{82,345}</string>
				<key>z</key>
				<integer>60</integer>
				<key>tag</key>
				<integer>12</integer>
			</dict>
			<key>mapSprite13</key>
			<dict>
				<key>spriteName</key>
				<string>baoguoziyuan2</string>
				<key>mapSpriteName</key>
				<string>Label_1_67.png</string>
				<key>pos</key>
				<string>{82,410}</string>
				<key>z</key>
				<integer>65</integer>
				<key>tag</key>
				<integer>13</integer>
			</dict>
			<key>mapSprite14</key>
			<dict>
				<key>spriteName</key>
				<string>baoguoziyuan2</string>
				<key>mapSpriteName</key>
				<string>Label_1_70.png</string>
				<key>pos</key>
				<string>{330,345}</string>
				<key>z</key>
				<integer>70</integer>
				<key>tag</key>
				<integer>14</integer>
			</dict>
			<key>mapSprite15</key>
			<dict>
				<key>spriteName</key>
				<string>baoguoziyuan2</string>
				<key>mapSpriteName</key>
				<string>Label_1_70.png</string>
				<key>pos</key>
				<string>{330,410}</string>
				<key>z</key>
				<integer>75</integer>
				<key>tag</key>
				<integer>15</integer>
			</dict>
			<key>mapSprite16</key>
			<dict>
				<key>spriteName</key>
				<string>baoguoziyuan1</string>
				<key>mapSpriteName</key>
				<string>Label_0_01.png</string>
				<key>pos</key>
				<string>{81,310}</string>
				<key>z</key>
				<integer>80</integer>
				<key>tag</key>
				<integer>16</integer>
			</dict>
			<key>mapSprite17</key>
			<dict>
				<key>spriteName</key>
				<string>baoguoziyuan1</string>
				<key>mapSpriteName</key>
				<string>Label_0_07.png</string>
				<key>pos</key>
				<string>{85,343}</string>
				<key>z</key>
				<integer>85</integer>
				<key>tag</key>
				<integer>17</integer>
			</dict>
			<key>mapSprite18</key>
			<dict>
				<key>spriteName</key>
				<string>baoguoziyuan1</string>
				<key>mapSpriteName</key>
				<string>Label_0_02.png</string>
				<key>pos</key>
				<string>{168,406}</string>
				<key>z</key>
				<integer>90</integer>
				<key>tag</key>
				<integer>18</integer>
			</dict>
			<key>mapSprite19</key>
			<dict>
				<key>spriteName</key>
				<string>baoguoziyuan1</string>
				<key>mapSpriteName</key>
				<string>Label_0_11.png</string>
				<key>pos</key>
				<string>{86,478}</string>
				<key>z</key>
				<integer>95</integer>
				<key>tag</key>
				<integer>19</integer>
			</dict>
			<key>mapSprite20</key>
			<dict>
				<key>spriteName</key>
				<string>baoguoziyuan1</string>
				<key>mapSpriteName</key>
				<string>Label_0_11.png</string>
				<key>pos</key>
				<string>{236,477}</string>
				<key>z</key>
				<integer>100</integer>
				<key>tag</key>
				<integer>20</integer>
			</dict>
		</dict>
		<key>baoguo_4</key>
		<dict>
			<key>mapSprite0</key>
			<dict>
				<key>spriteName</key>
				<string>baoguoziyuan1</string>
				<key>mapSpriteName</key>
				<string>Label_0_39.png</string>
				<key>pos</key>
				<string>{367,308}</string>
				<key>z</key>
				<integer>0</integer>
				<key>tag</key>
				<integer>0</integer>
			</dict>
			<key>mapSprite1</key>
			<dict>
				<key>spriteName</key>
				<string>baoguoziyuan1</string>
				<key>mapSpriteName</key>
				<string>Label_0_88.png</string>
				<key>pos</key>
				<string>{603,474}</string>
				<key>z</key>
				<integer>5</integer>
				<key>tag</key>
				<integer>1</integer>
			</dict>
			<key>mapSprite2</key>
			<dict>
				<key>spriteName</key>
				<string>baoguoziyuan1</string>
				<key>mapSpriteName</key>
				<string>Label_0_90.png</string>
				<key>pos</key>
				<string>{367,474}</string>
				<key>z</key>
				<integer>10</integer>
				<key>tag</key>
				<integer>2</integer>
			</dict>
			<key>mapSprite3</key>
			<dict>
				<key>spriteName</key>
				<string>baoguoziyuan1</string>
				<key>mapSpriteName</key>
				<string>Label_0_51.png</string>
				<key>pos</key>
				<string>{603,308}</string>
				<key>z</key>
				<integer>15</integer>
				<key>tag</key>
				<integer>3</integer>
			</dict>
			<key>mapSprite4</key>
			<dict>
				<key>spriteName</key>
				<string>baoguoziyuan1</string>
				<key>mapSpriteName</key>
				<string>Label_0_49.png</string>
				<key>pos</key>
				<string>{407,308}</string>
				<key>z</key>
				<integer>20</integer>
				<key>tag</key>
				<integer>4</integer>
			</dict>
			<key>mapSprite5</key>
			<dict>
				<key>spriteName</key>
				<string>baoguoziyuan1</string>
				<key>mapSpriteName</key>
				<string>Label_0_49.png</string>
				<key>pos</key>
				<string>{457,308}</string>
				<key>z</key>
				<integer>25</integer>
				<key>tag</key>
				<integer>5</integer>
			</dict>
			<key>mapSprite6</key>
			<dict>
				<key>spriteName</key>
				<string>baoguoziyuan1</string>
				<key>mapSpriteName</key>
				<string>Label_0_49.png</string>
				<key>pos</key>
				<string>{507,308}</string>
				<key>z</key>
				<integer>30</integer>
				<key>tag</key>
				<integer>6</integer>
			</dict>
			<key>mapSprite7</key>
			<dict>
				<key>spriteName</key>
				<string>baoguoziyuan1</string>
				<key>mapSpriteName</key>
				<string>Label_0_49.png</string>
				<key>pos</key>
				<string>{557,308}</string>
				<key>z</key>
				<integer>35</integer>
				<key>tag</key>
				<integer>7</integer>
			</dict>
			<key>mapSprite8</key>
			<dict>
				<key>spriteName</key>
				<string>baoguoziyuan1</string>
				<key>mapSpriteName</key>
				<string>Label_0_84.png</string>
				<key>pos</key>
				<string>{407,483}</string>
				<key>z</key>
				<integer>40</integer>
				<key>tag</key>
				<integer>8</integer>
			</dict>
			<key>mapSprite9</key>
			<dict>
				<key>spriteName</key>
				<string>baoguoziyuan1</string>
				<key>mapSpriteName</key>
				<string>Label_0_84.png</string>
				<key>pos</key>
				<string>{456,483}</string>
				<key>z</key>
				<integer>45</integer>
				<key>tag</key>
				<integer>9</integer>
			</dict>
			<key>mapSprite10</key>
			<dict>
				<key>spriteName</key>
				<string>baoguoziyuan1</string>
				<key>mapSpriteName</key>
				<string>Label_0_84.png</string>
				<key>pos</key>
				<string>{505,483}</string>
				<key>z</key>
				<integer>50</integer>
				<key>tag</key>
				<integer>10</integer>
			</dict>
			<key>mapSprite11</key>
			<dict>
				<key>spriteName</key>
				<string>baoguoziyuan1</string>
				<key>mapSpriteName</key>
				<string>Label_0_84.png</string>
				<key>pos</key>
				<string>{554,483}</string>
				<key>z</key>
				<integer>55</integer>
				<key>tag</key>
				<integer>11</integer>
			</dict>
			<key>mapSprite12</key>
			<dict>
				<key>spriteName</key>
				<string>baoguoziyuan2</string>
				<key>mapSpriteName</key>
				<string>Label_1_67.png</string>
				<key>pos</key>
				<string>{367,344}</string>
				<key>z</key>
				<integer>60</integer>
				<key>tag</key>
				<integer>12</integer>
			</dict>
			<key>mapSprite13</key>
			<dict>
				<key>spriteName</key>
				<string>baoguoziyuan2</string>
				<key>mapSpriteName</key>
				<string>Label_1_67.png</string>
				<key>pos</key>
				<string>{367,409}</string>
				<key>z</key>
				<integer>65</integer>
				<key>tag</key>
				<integer>13</integer>
			</dict>
			<key>mapSprite14</key>
			<dict>
				<key>spriteName</key>
				<string>baoguoziyuan2</string>
				<key>mapSpriteName</key>
				<string>Label_1_70.png</string>
				<key>pos</key>
				<string>{615,344}</string>
				<key>z</key>
				<integer>70</integer>
				<key>tag</key>
				<integer>14</integer>
			</dict>
			<key>mapSprite15</key>
			<dict>
				<key>spriteName</key>
				<string>baoguoziyuan2</string>
				<key>mapSpriteName</key>
				<string>Label_1_70.png</string>
				<key>pos</key>
				<string>{615,409}</string>
				<key>z</key>
				<integer>75</integer>
				<key>tag</key>
				<integer>15</integer>
			</dict>
			<key>mapSprite16</key>
			<dict>
				<key>spriteName</key>
				<string>baoguoziyuan1</string>
				<key>mapSpriteName</key>
				<string>Label_0_01.png</string>
				<key>pos</key>
				<string>{366,309}</string>
				<key>z</key>
				<integer>80</integer>
				<key>tag</key>
				<integer>16</integer>
			</dict>
			<key>mapSprite17</key>
			<dict>
				<key>spriteName</key>
				<string>baoguoziyuan1</string>
				<key>mapSpriteName</key>
				<string>Label_0_07.png</string>
				<key>pos</key>
				<string>{370,342}</string>
				<key>z</key>
				<integer>85</integer>
				<key>tag</key>
				<integer>17</integer>
			</dict>
			<key>mapSprite18</key>
			<dict>
				<key>spriteName</key>
				<string>baoguoziyuan1</string>
				<key>mapSpriteName</key>
				<string>Label_0_02.png</string>
				<key>pos</key>
				<string>{453,405}</string>
				<key>z</key>
				<integer>90</integer>
				<key>tag</key>
				<integer>18</integer>
			</dict>
			<key>mapSprite19</key>
			<dict>
				<key>spriteName</key>
				<string>baoguoziyuan1</string>
				<key>mapSpriteName</key>
				<string>Label_0_11.png</string>
				<key>pos</key>
				<string>{371,477}</string>
				<key>z</key>
				<integer>95</integer>
				<key>tag</key>
				<integer>19</integer>
			</dict>
			<key>mapSprite20</key>
			<dict>
				<key>spriteName</key>
				<string>baoguoziyuan1</string>
				<key>mapSpriteName</key>
				<string>Label_0_11.png</string>
				<key>pos</key>
				<string>{521,476}</string>
				<key>z</key>
				<integer>100</integer>
				<key>tag</key>
				<integer>20</integer>
			</dict>
		</dict>
		<key>baoguo_5</key>
		<dict>
			<key>mapSprite0</key>
			<dict>
				<key>spriteName</key>
				<string>baoguoziyuan1</string>
				<key>mapSpriteName</key>
				<string>Label_0_39.png</string>
				<key>pos</key>
				<string>{654,307}</string>
				<key>z</key>
				<integer>0</integer>
				<key>tag</key>
				<integer>0</integer>
			</dict>
			<key>mapSprite1</key>
			<dict>
				<key>spriteName</key>
				<string>baoguoziyuan1</string>
				<key>mapSpriteName</key>
				<string>Label_0_88.png</string>
				<key>pos</key>
				<string>{890,473}</string>
				<key>z</key>
				<integer>5</integer>
				<key>tag</key>
				<integer>1</integer>
			</dict>
			<key>mapSprite2</key>
			<dict>
				<key>spriteName</key>
				<string>baoguoziyuan1</string>
				<key>mapSpriteName</key>
				<string>Label_0_90.png</string>
				<key>pos</key>
				<string>{654,473}</string>
				<key>z</key>
				<integer>10</integer>
				<key>tag</key>
				<integer>2</integer>
			</dict>
			<key>mapSprite3</key>
			<dict>
				<key>spriteName</key>
				<string>baoguoziyuan1</string>
				<key>mapSpriteName</key>
				<string>Label_0_51.png</string>
				<key>pos</key>
				<string>{890,307}</string>
				<key>z</key>
				<integer>15</integer>
				<key>tag</key>
				<integer>3</integer>
			</dict>
			<key>mapSprite4</key>
			<dict>
				<key>spriteName</key>
				<string>baoguoziyuan1</string>
				<key>mapSpriteName</key>
				<string>Label_0_49.png</string>
				<key>pos</key>
				<string>{694,307}</string>
				<key>z</key>
				<integer>20</integer>
				<key>tag</key>
				<integer>4</integer>
			</dict>
			<key>mapSprite5</key>
			<dict>
				<key>spriteName</key>
				<string>baoguoziyuan1</string>
				<key>mapSpriteName</key>
				<string>Label_0_49.png</string>
				<key>pos</key>
				<string>{744,307}</string>
				<key>z</key>
				<integer>25</integer>
				<key>tag</key>
				<integer>5</integer>
			</dict>
			<key>mapSprite6</key>
			<dict>
				<key>spriteName</key>
				<string>baoguoziyuan1</string>
				<key>mapSpriteName</key>
				<string>Label_0_49.png</string>
				<key>pos</key>
				<string>{794,307}</string>
				<key>z</key>
				<integer>30</integer>
				<key>tag</key>
				<integer>6</integer>
			</dict>
			<key>mapSprite7</key>
			<dict>
				<key>spriteName</key>
				<string>baoguoziyuan1</string>
				<key>mapSpriteName</key>
				<string>Label_0_49.png</string>
				<key>pos</key>
				<string>{844,307}</string>
				<key>z</key>
				<integer>35</integer>
				<key>tag</key>
				<integer>7</integer>
			</dict>
			<key>mapSprite8</key>
			<dict>
				<key>spriteName</key>
				<string>baoguoziyuan1</string>
				<key>mapSpriteName</key>
				<string>Label_0_84.png</string>
				<key>pos</key>
				<string>{694,482}</string>
				<key>z</key>
				<integer>40</integer>
				<key>tag</key>
				<integer>8</integer>
			</dict>
			<key>mapSprite9</key>
			<dict>
				<key>spriteName</key>
				<string>baoguoziyuan1</string>
				<key>mapSpriteName</key>
				<string>Label_0_84.png</string>
				<key>pos</key>
				<string>{743,482}</string>
				<key>z</key>
				<integer>45</integer>
				<key>tag</key>
				<integer>9</integer>
			</dict>
			<key>mapSprite10</key>
			<dict>
				<key>spriteName</key>
				<string>baoguoziyuan1</string>
				<key>mapSpriteName</key>
				<string>Label_0_84.png</string>
				<key>pos</key>
				<string>{792,482}</string>
				<key>z</key>
				<integer>50</integer>
				<key>tag</key>
				<integer>10</integer>
			</dict>
			<key>mapSprite11</key>
			<dict>
				<key>spriteName</key>
				<string>baoguoziyuan1</string>
				<key>mapSpriteName</key>
				<string>Label_0_84.png</string>
				<key>pos</key>
				<string>{841,482}</string>
				<key>z</key>
				<integer>55</integer>
				<key>tag</key>
				<integer>11</integer>
			</dict>
			<key>mapSprite12</key>
			<dict>
				<key>spriteName</key>
				<string>baoguoziyuan2</string>
				<key>mapSpriteName</key>
				<string>Label_1_67.png</string>
				<key>pos</key>
				<string>{654,343}</string>
				<key>z</key>
				<integer>60</integer>
				<key>tag</key>
				<integer>12</integer>
			</dict>
			<key>mapSprite13</key>
			<dict>
				<key>spriteName</key>
				<string>baoguoziyuan2</string>
				<key>mapSpriteName</key>
				<string>Label_1_67.png</string>
				<key>pos</key>
				<string>{654,408}</string>
				<key>z</key>
				<integer>65</integer>
				<key>tag</key>
				<integer>13</integer>
			</dict>
			<key>mapSprite14</key>
			<dict>
				<key>spriteName</key>
				<string>baoguoziyuan2</string>
				<key>mapSpriteName</key>
				<string>Label_1_70.png</string>
				<key>pos</key>
				<string>{902,343}</string>
				<key>z</key>
				<integer>70</integer>
				<key>tag</key>
				<integer>14</integer>
			</dict>
			<key>mapSprite15</key>
			<dict>
				<key>spriteName</key>
				<string>baoguoziyuan2</string>
				<key>mapSpriteName</key>
				<string>Label_1_70.png</string>
				<key>pos</key>
				<string>{902,408}</string>
				<key>z</key>
				<integer>75</integer>
				<key>tag</key>
				<integer>15</integer>
			</dict>
			<key>mapSprite16</key>
			<dict>
				<key>spriteName</key>
				<string>baoguoziyuan1</string>
				<key>mapSpriteName</key>
				<string>Label_0_01.png</string>
				<key>pos</key>
				<string>{653,308}</string>
				<key>z</key>
				<integer>80</integer>
				<key>tag</key>
				<integer>16</integer>
			</dict>
			<key>mapSprite17</key>
			<dict>
				<key>spriteName</key>
				<string>baoguoziyuan1</string>
				<key>mapSpriteName</key>
				<string>Label_0_07.png</string>
				<key>pos</key>
				<string>{657,341}</string>
				<key>z</key>
				<integer>85</integer>
				<key>tag</key>
				<integer>17</integer>
			</dict>
			<key>mapSprite18</key>
			<dict>
				<key>spriteName</key>
				<string>baoguoziyuan1</string>
				<key>mapSpriteName</key>
				<string>Label_0_02.png</string>
				<key>pos</key>
				<string>{740,404}</string>
				<key>z</key>
				<integer>90</integer>
				<key>tag</key>
				<integer>18</integer>
			</dict>
			<key>mapSprite19</key>
			<dict>
				<key>spriteName</key>
				<string>baoguoziyuan1</string>
				<key>mapSpriteName</key>
				<string>Label_0_11.png</string>
				<key>pos</key>
				<string>{658,476}</string>
				<key>z</key>
				<integer>95</integer>
				<key>tag</key>
				<integer>19</integer>
			</dict>
			<key>mapSprite20</key>
			<dict>
				<key>spriteName</key>
				<string>baoguoziyuan1</string>
				<key>mapSpriteName</key>
				<string>Label_0_11.png</string>
				<key>pos</key>
				<string>{808,475}</string>
				<key>z</key>
				<integer>100</integer>
				<key>tag</key>
				<integer>20</integer>
			</dict>
		</dict>
		<key>baoguo_6</key>
		<dict>
			<key>mapSprite0</key>
			<dict>
				<key>spriteName</key>
				<string>baoguoziyuan1</string>
				<key>mapSpriteName</key>
				<string>Label_0_39.png</string>
				<key>pos</key>
				<string>{82,514}</string>
				<key>z</key>
				<integer>0</integer>
				<key>tag</key>
				<integer>0</integer>
			</dict>
			<key>mapSprite1</key>
			<dict>
				<key>spriteName</key>
				<string>baoguoziyuan1</string>
				<key>mapSpriteName</key>
				<string>Label_0_88.png</string>
				<key>pos</key>
				<string>{318,680}</string>
				<key>z</key>
				<integer>5</integer>
				<key>tag</key>
				<integer>1</integer>
			</dict>
			<key>mapSprite2</key>
			<dict>
				<key>spriteName</key>
				<string>baoguoziyuan1</string>
				<key>mapSpriteName</key>
				<string>Label_0_90.png</string>
				<key>pos</key>
				<string>{82,680}</string>
				<key>z</key>
				<integer>10</integer>
				<key>tag</key>
				<integer>2</integer>
			</dict>
			<key>mapSprite3</key>
			<dict>
				<key>spriteName</key>
				<string>baoguoziyuan1</string>
				<key>mapSpriteName</key>
				<string>Label_0_51.png</string>
				<key>pos</key>
				<string>{318,514}</string>
				<key>z</key>
				<integer>15</integer>
				<key>tag</key>
				<integer>3</integer>
			</dict>
			<key>mapSprite4</key>
			<dict>
				<key>spriteName</key>
				<string>baoguoziyuan1</string>
				<key>mapSpriteName</key>
				<string>Label_0_49.png</string>
				<key>pos</key>
				<string>{122,514}</string>
				<key>z</key>
				<integer>20</integer>
				<key>tag</key>
				<integer>4</integer>
			</dict>
			<key>mapSprite5</key>
			<dict>
				<key>spriteName</key>
				<string>baoguoziyuan1</string>
				<key>mapSpriteName</key>
				<string>Label_0_49.png</string>
				<key>pos</key>
				<string>{172,514}</string>
				<key>z</key>
				<integer>25</integer>
				<key>tag</key>
				<integer>5</integer>
			</dict>
			<key>mapSprite6</key>
			<dict>
				<key>spriteName</key>
				<string>baoguoziyuan1</string>
				<key>mapSpriteName</key>
				<string>Label_0_49.png</string>
				<key>pos</key>
				<string>{222,514}</string>
				<key>z</key>
				<integer>30</integer>
				<key>tag</key>
				<integer>6</integer>
			</dict>
			<key>mapSprite7</key>
			<dict>
				<key>spriteName</key>
				<string>baoguoziyuan1</string>
				<key>mapSpriteName</key>
				<string>Label_0_49.png</string>
				<key>pos</key>
				<string>{272,514}</string>
				<key>z</key>
				<integer>35</integer>
				<key>tag</key>
				<integer>7</integer>
			</dict>
			<key>mapSprite8</key>
			<dict>
				<key>spriteName</key>
				<string>baoguoziyuan1</string>
				<key>mapSpriteName</key>
				<string>Label_0_84.png</string>
				<key>pos</key>
				<string>{122,689}</string>
				<key>z</key>
				<integer>40</integer>
				<key>tag</key>
				<integer>8</integer>
			</dict>
			<key>mapSprite9</key>
			<dict>
				<key>spriteName</key>
				<string>baoguoziyuan1</string>
				<key>mapSpriteName</key>
				<string>Label_0_84.png</string>
				<key>pos</key>
				<string>{171,689}</string>
				<key>z</key>
				<integer>45</integer>
				<key>tag</key>
				<integer>9</integer>
			</dict>
			<key>mapSprite10</key>
			<dict>
				<key>spriteName</key>
				<string>baoguoziyuan1</string>
				<key>mapSpriteName</key>
				<string>Label_0_84.png</string>
				<key>pos</key>
				<string>{220,689}</string>
				<key>z</key>
				<integer>50</integer>
				<key>tag</key>
				<integer>10</integer>
			</dict>
			<key>mapSprite11</key>
			<dict>
				<key>spriteName</key>
				<string>baoguoziyuan1</string>
				<key>mapSpriteName</key>
				<string>Label_0_84.png</string>
				<key>pos</key>
				<string>{269,689}</string>
				<key>z</key>
				<integer>55</integer>
				<key>tag</key>
				<integer>11</integer>
			</dict>
			<key>mapSprite12</key>
			<dict>
				<key>spriteName</key>
				<string>baoguoziyuan2</string>
				<key>mapSpriteName</key>
				<string>Label_1_67.png</string>
				<key>pos</key>
				<string>{82,550}</string>
				<key>z</key>
				<integer>60</integer>
				<key>tag</key>
				<integer>12</integer>
			</dict>
			<key>mapSprite13</key>
			<dict>
				<key>spriteName</key>
				<string>baoguoziyuan2</string>
				<key>mapSpriteName</key>
				<string>Label_1_67.png</string>
				<key>pos</key>
				<string>{82,615}</string>
				<key>z</key>
				<integer>65</integer>
				<key>tag</key>
				<integer>13</integer>
			</dict>
			<key>mapSprite14</key>
			<dict>
				<key>spriteName</key>
				<string>baoguoziyuan2</string>
				<key>mapSpriteName</key>
				<string>Label_1_70.png</string>
				<key>pos</key>
				<string>{330,550}</string>
				<key>z</key>
				<integer>70</integer>
				<key>tag</key>
				<integer>14</integer>
			</dict>
			<key>mapSprite15</key>
			<dict>
				<key>spriteName</key>
				<string>baoguoziyuan2</string>
				<key>mapSpriteName</key>
				<string>Label_1_70.png</string>
				<key>pos</key>
				<string>{330,615}</string>
				<key>z</key>
				<integer>75</integer>
				<key>tag</key>
				<integer>15</integer>
			</dict>
			<key>mapSprite16</key>
			<dict>
				<key>spriteName</key>
				<string>baoguoziyuan1</string>
				<key>mapSpriteName</key>
				<string>Label_0_01.png</string>
				<key>pos</key>
				<string>{81,515}</string>
				<key>z</key>
				<integer>80</integer>
				<key>tag</key>
				<integer>16</integer>
			</dict>
			<key>mapSprite17</key>
			<dict>
				<key>spriteName</key>
				<string>baoguoziyuan1</string>
				<key>mapSpriteName</key>
				<string>Label_0_07.png</string>
				<key>pos</key>
				<string>{85,548}</string>
				<key>z</key>
				<integer>85</integer>
				<key>tag</key>
				<integer>17</integer>
			</dict>
			<key>mapSprite18</key>
			<dict>
				<key>spriteName</key>
				<string>baoguoziyuan1</string>
				<key>mapSpriteName</key>
				<string>Label_0_02.png</string>
				<key>pos</key>
				<string>{168,611}</string>
				<key>z</key>
				<integer>90</integer>
				<key>tag</key>
				<integer>18</integer>
			</dict>
			<key>mapSprite19</key>
			<dict>
				<key>spriteName</key>
				<string>baoguoziyuan1</string>
				<key>mapSpriteName</key>
				<string>Label_0_11.png</string>
				<key>pos</key>
				<string>{86,683}</string>
				<key>z</key>
				<integer>95</integer>
				<key>tag</key>
				<integer>19</integer>
			</dict>
			<key>mapSprite20</key>
			<dict>
				<key>spriteName</key>
				<string>baoguoziyuan1</string>
				<key>mapSpriteName</key>
				<string>Label_0_11.png</string>
				<key>pos</key>
				<string>{236,682}</string>
				<key>z</key>
				<integer>100</integer>
				<key>tag</key>
				<integer>20</integer>
			</dict>
		</dict>
		<key>baoguo_7</key>
		<dict>
			<key>mapSprite0</key>
			<dict>
				<key>spriteName</key>
				<string>baoguoziyuan1</string>
				<key>mapSpriteName</key>
				<string>Label_0_39.png</string>
				<key>pos</key>
				<string>{367,513}</string>
				<key>z</key>
				<integer>0</integer>
				<key>tag</key>
				<integer>0</integer>
			</dict>
			<key>mapSprite1</key>
			<dict>
				<key>spriteName</key>
				<string>baoguoziyuan1</string>
				<key>mapSpriteName</key>
				<string>Label_0_88.png</string>
				<key>pos</key>
				<string>{603,679}</string>
				<key>z</key>
				<integer>5</integer>
				<key>tag</key>
				<integer>1</integer>
			</dict>
			<key>mapSprite2</key>
			<dict>
				<key>spriteName</key>
				<string>baoguoziyuan1</string>
				<key>mapSpriteName</key>
				<string>Label_0_90.png</string>
				<key>pos</key>
				<string>{367,679}</string>
				<key>z</key>
				<integer>10</integer>
				<key>tag</key>
				<integer>2</integer>
			</dict>
			<key>mapSprite3</key>
			<dict>
				<key>spriteName</key>
				<string>baoguoziyuan1</string>
				<key>mapSpriteName</key>
				<string>Label_0_51.png</string>
				<key>pos</key>
				<string>{603,513}</string>
				<key>z</key>
				<integer>15</integer>
				<key>tag</key>
				<integer>3</integer>
			</dict>
			<key>mapSprite4</key>
			<dict>
				<key>spriteName</key>
				<string>baoguoziyuan1</string>
				<key>mapSpriteName</key>
				<string>Label_0_49.png</string>
				<key>pos</key>
				<string>{407,513}</string>
				<key>z</key>
				<integer>20</integer>
				<key>tag</key>
				<integer>4</integer>
			</dict>
			<key>mapSprite5</key>
			<dict>
				<key>spriteName</key>
				<string>baoguoziyuan1</string>
				<key>mapSpriteName</key>
				<string>Label_0_49.png</string>
				<key>pos</key>
				<string>{457,513}</string>
				<key>z</key>
				<integer>25</integer>
				<key>tag</key>
				<integer>5</integer>
			</dict>
			<key>mapSprite6</key>
			<dict>
				<key>spriteName</key>
				<string>baoguoziyuan1</string>
				<key>mapSpriteName</key>
				<string>Label_0_49.png</string>
				<key>pos</key>
				<string>{507,513}</string>
				<key>z</key>
				<integer>30</integer>
				<key>tag</key>
				<integer>6</integer>
			</dict>
			<key>mapSprite7</key>
			<dict>
				<key>spriteName</key>
				<string>baoguoziyuan1</string>
				<key>mapSpriteName</key>
				<string>Label_0_49.png</string>
				<key>pos</key>
				<string>{557,513}</string>
				<key>z</key>
				<integer>35</integer>
				<key>tag</key>
				<integer>7</integer>
			</dict>
			<key>mapSprite8</key>
			<dict>
				<key>spriteName</key>
				<string>baoguoziyuan1</string>
				<key>mapSpriteName</key>
				<string>Label_0_84.png</string>
				<key>pos</key>
				<string>{407,688}</string>
				<key>z</key>
				<integer>40</integer>
				<key>tag</key>
				<integer>8</integer>
			</dict>
			<key>mapSprite9</key>
			<dict>
				<key>spriteName</key>
				<string>baoguoziyuan1</string>
				<key>mapSpriteName</key>
				<string>Label_0_84.png</string>
				<key>pos</key>
				<string>{456,688}</string>
				<key>z</key>
				<integer>45</integer>
				<key>tag</key>
				<integer>9</integer>
			</dict>
			<key>mapSprite10</key>
			<dict>
				<key>spriteName</key>
				<string>baoguoziyuan1</string>
				<key>mapSpriteName</key>
				<string>Label_0_84.png</string>
				<key>pos</key>
				<string>{505,688}</string>
				<key>z</key>
				<integer>50</integer>
				<key>tag</key>
				<integer>10</integer>
			</dict>
			<key>mapSprite11</key>
			<dict>
				<key>spriteName</key>
				<string>baoguoziyuan1</string>
				<key>mapSpriteName</key>
				<string>Label_0_84.png</string>
				<key>pos</key>
				<string>{554,688}</string>
				<key>z</key>
				<integer>55</integer>
				<key>tag</key>
				<integer>11</integer>
			</dict>
			<key>mapSprite12</key>
			<dict>
				<key>spriteName</key>
				<string>baoguoziyuan2</string>
				<key>mapSpriteName</key>
				<string>Label_1_67.png</string>
				<key>pos</key>
				<string>{367,549}</string>
				<key>z</key>
				<integer>60</integer>
				<key>tag</key>
				<integer>12</integer>
			</dict>
			<key>mapSprite13</key>
			<dict>
				<key>spriteName</key>
				<string>baoguoziyuan2</string>
				<key>mapSpriteName</key>
				<string>Label_1_67.png</string>
				<key>pos</key>
				<string>{367,614}</string>
				<key>z</key>
				<integer>65</integer>
				<key>tag</key>
				<integer>13</integer>
			</dict>
			<key>mapSprite14</key>
			<dict>
				<key>spriteName</key>
				<string>baoguoziyuan2</string>
				<key>mapSpriteName</key>
				<string>Label_1_70.png</string>
				<key>pos</key>
				<string>{615,549}</string>
				<key>z</key>
				<integer>70</integer>
				<key>tag</key>
				<integer>14</integer>
			</dict>
			<key>mapSprite15</key>
			<dict>
				<key>spriteName</key>
				<string>baoguoziyuan2</string>
				<key>mapSpriteName</key>
				<string>Label_1_70.png</string>
				<key>pos</key>
				<string>{615,614}</string>
				<key>z</key>
				<integer>75</integer>
				<key>tag</key>
				<integer>15</integer>
			</dict>
			<key>mapSprite16</key>
			<dict>
				<key>spriteName</key>
				<string>baoguoziyuan1</string>
				<key>mapSpriteName</key>
				<string>Label_0_01.png</string>
				<key>pos</key>
				<string>{366,514}</string>
				<key>z</key>
				<integer>80</integer>
				<key>tag</key>
				<integer>16</integer>
			</dict>
			<key>mapSprite17</key>
			<dict>
				<key>spriteName</key>
				<string>baoguoziyuan1</string>
				<key>mapSpriteName</key>
				<string>Label_0_07.png</string>
				<key>pos</key>
				<string>{370,547}</string>
				<key>z</key>
				<integer>85</integer>
				<key>tag</key>
				<integer>17</integer>
			</dict>
			<key>mapSprite18</key>
			<dict>
				<key>spriteName</key>
				<string>baoguoziyuan1</string>
				<key>mapSpriteName</key>
				<string>Label_0_02.png</string>
				<key>pos</key>
				<string>{453,610}</string>
				<key>z</key>
				<integer>90</integer>
				<key>tag</key>
				<integer>18</integer>
			</dict>
			<key>mapSprite19</key>
			<dict>
				<key>spriteName</key>
				<string>baoguoziyuan1</string>
				<key>mapSpriteName</key>
				<string>Label_0_11.png</string>
				<key>pos</key>
				<string>{371,682}</string>
				<key>z</key>
				<integer>95</integer>
				<key>tag</key>
				<integer>19</integer>
			</dict>
			<key>mapSprite20</key>
			<dict>
				<key>spriteName</key>
				<string>baoguoziyuan1</string>
				<key>mapSpriteName</key>
				<string>Label_0_11.png</string>
				<key>pos</key>
				<string>{521,681}</string>
				<key>z</key>
				<integer>100</integer>
				<key>tag</key>
				<integer>20</integer>
			</dict>
		</dict>
		<key>baoguo_8</key>
		<dict>
			<key>mapSprite0</key>
			<dict>
				<key>spriteName</key>
				<string>baoguoziyuan1</string>
				<key>mapSpriteName</key>
				<string>Label_0_39.png</string>
				<key>pos</key>
				<string>{654,512}</string>
				<key>z</key>
				<integer>0</integer>
				<key>tag</key>
				<integer>0</integer>
			</dict>
			<key>mapSprite1</key>
			<dict>
				<key>spriteName</key>
				<string>baoguoziyuan1</string>
				<key>mapSpriteName</key>
				<string>Label_0_88.png</string>
				<key>pos</key>
				<string>{890,678}</string>
				<key>z</key>
				<integer>5</integer>
				<key>tag</key>
				<integer>1</integer>
			</dict>
			<key>mapSprite2</key>
			<dict>
				<key>spriteName</key>
				<string>baoguoziyuan1</string>
				<key>mapSpriteName</key>
				<string>Label_0_90.png</string>
				<key>pos</key>
				<string>{654,678}</string>
				<key>z</key>
				<integer>10</integer>
				<key>tag</key>
				<integer>2</integer>
			</dict>
			<key>mapSprite3</key>
			<dict>
				<key>spriteName</key>
				<string>baoguoziyuan1</string>
				<key>mapSpriteName</key>
				<string>Label_0_51.png</string>
				<key>pos</key>
				<string>{890,512}</string>
				<key>z</key>
				<integer>15</integer>
				<key>tag</key>
				<integer>3</integer>
			</dict>
			<key>mapSprite4</key>
			<dict>
				<key>spriteName</key>
				<string>baoguoziyuan1</string>
				<key>mapSpriteName</key>
				<string>Label_0_49.png</string>
				<key>pos</key>
				<string>{694,512}</string>
				<key>z</key>
				<integer>20</integer>
				<key>tag</key>
				<integer>4</integer>
			</dict>
			<key>mapSprite5</key>
			<dict>
				<key>spriteName</key>
				<string>baoguoziyuan1</string>
				<key>mapSpriteName</key>
				<string>Label_0_49.png</string>
				<key>pos</key>
				<string>{744,512}</string>
				<key>z</key>
				<integer>25</integer>
				<key>tag</key>
				<integer>5</integer>
			</dict>
			<key>mapSprite6</key>
			<dict>
				<key>spriteName</key>
				<string>baoguoziyuan1</string>
				<key>mapSpriteName</key>
				<string>Label_0_49.png</string>
				<key>pos</key>
				<string>{794,512}</string>
				<key>z</key>
				<integer>30</integer>
				<key>tag</key>
				<integer>6</integer>
			</dict>
			<key>mapSprite7</key>
			<dict>
				<key>spriteName</key>
				<string>baoguoziyuan1</string>
				<key>mapSpriteName</key>
				<string>Label_0_49.png</string>
				<key>pos</key>
				<string>{844,512}</string>
				<key>z</key>
				<integer>35</integer>
				<key>tag</key>
				<integer>7</integer>
			</dict>
			<key>mapSprite8</key>
			<dict>
				<key>spriteName</key>
				<string>baoguoziyuan1</string>
				<key>mapSpriteName</key>
				<string>Label_0_84.png</string>
				<key>pos</key>
				<string>{694,687}</string>
				<key>z</key>
				<integer>40</integer>
				<key>tag</key>
				<integer>8</integer>
			</dict>
			<key>mapSprite9</key>
			<dict>
				<key>spriteName</key>
				<string>baoguoziyuan1</string>
				<key>mapSpriteName</key>
				<string>Label_0_84.png</string>
				<key>pos</key>
				<string>{743,687}</string>
				<key>z</key>
				<integer>45</integer>
				<key>tag</key>
				<integer>9</integer>
			</dict>
			<key>mapSprite10</key>
			<dict>
				<key>spriteName</key>
				<string>baoguoziyuan1</string>
				<key>mapSpriteName</key>
				<string>Label_0_84.png</string>
				<key>pos</key>
				<string>{792,687}</string>
				<key>z</key>
				<integer>50</integer>
				<key>tag</key>
				<integer>10</integer>
			</dict>
			<key>mapSprite11</key>
			<dict>
				<key>spriteName</key>
				<string>baoguoziyuan1</string>
				<key>mapSpriteName</key>
				<string>Label_0_84.png</string>
				<key>pos</key>
				<string>{841,687}</string>
				<key>z</key>
				<integer>55</integer>
				<key>tag</key>
				<integer>11</integer>
			</dict>
			<key>mapSprite12</key>
			<dict>
				<key>spriteName</key>
				<string>baoguoziyuan2</string>
				<key>mapSpriteName</key>
				<string>Label_1_67.png</string>
				<key>pos</key>
				<string>{654,548}</string>
				<key>z</key>
				<integer>60</integer>
				<key>tag</key>
				<integer>12</integer>
			</dict>
			<key>mapSprite13</key>
			<dict>
				<key>spriteName</key>
				<string>baoguoziyuan2</string>
				<key>mapSpriteName</key>
				<string>Label_1_67.png</string>
				<key>pos</key>
				<string>{654,613}</string>
				<key>z</key>
				<integer>65</integer>
				<key>tag</key>
				<integer>13</integer>
			</dict>
			<key>mapSprite14</key>
			<dict>
				<key>spriteName</key>
				<string>baoguoziyuan2</string>
				<key>mapSpriteName</key>
				<string>Label_1_70.png</string>
				<key>pos</key>
				<string>{902,548}</string>
				<key>z</key>
				<integer>70</integer>
				<key>tag</key>
				<integer>14</integer>
			</dict>
			<key>mapSprite15</key>
			<dict>
				<key>spriteName</key>
				<string>baoguoziyuan2</string>
				<key>mapSpriteName</key>
				<string>Label_1_70.png</string>
				<key>pos</key>
				<string>{902,613}</string>
				<key>z</key>
				<integer>75</integer>
				<key>tag</key>
				<integer>15</integer>
			</dict>
			<key>mapSprite16</key>
			<dict>
				<key>spriteName</key>
				<string>baoguoziyuan1</string>
				<key>mapSpriteName</key>
				<string>Label_0_01.png</string>
				<key>pos</key>
				<string>{653,513}</string>
				<key>z</key>
				<integer>80</integer>
				<key>tag</key>
				<integer>16</integer>
			</dict>
			<key>mapSprite17</key>
			<dict>
				<key>spriteName</key>
				<string>baoguoziyuan1</string>
				<key>mapSpriteName</key>
				<string>Label_0_07.png</string>
				<key>pos</key>
				<string>{657,546}</string>
				<key>z</key>
				<integer>85</integer>
				<key>tag</key>
				<integer>17</integer>
			</dict>
			<key>mapSprite18</key>
			<dict>
				<key>spriteName</key>
				<string>baoguoziyuan1</string>
				<key>mapSpriteName</key>
				<string>Label_0_02.png</string>
				<key>pos</key>
				<string>{740,609}</string>
				<key>z</key>
				<integer>90</integer>
				<key>tag</key>
				<integer>18</integer>
			</dict>
			<key>mapSprite19</key>
			<dict>
				<key>spriteName</key>
				<string>baoguoziyuan1</string>
				<key>mapSpriteName</key>
				<string>Label_0_11.png</string>
				<key>pos</key>
				<string>{658,681}</string>
				<key>z</key>
				<integer>95</integer>
				<key>tag</key>
				<integer>19</integer>
			</dict>
			<key>mapSprite20</key>
			<dict>
				<key>spriteName</key>
				<string>baoguoziyuan1</string>
				<key>mapSpriteName</key>
				<string>Label_0_11.png</string>
				<key>pos</key>
				<string>{808,680}</string>
				<key>z</key>
				<integer>100</integer>
				<key>tag</key>
				<integer>20</integer>
			</dict>
		</dict>
	</dict>
</dict>
