<?xml version="1.0" encoding="UTF-8"?>
<dict>
    <key>mapInfo</key>
    <dict>
        <key>mapName</key>
        <string>demo_task</string>
        <key>mapSize</key>
        <string>{100,100}</string>
        <key>backgroundColor</key>
        <string>{19,128,126,255}</string>
        <key>gridInfo</key>
        <string>{64,64,16,12}</string>
        <key>layerNameArray</key>
        <string>mission_bg,mission_ui,mission_fix,mission_1,mission_2,mission_3,mission_button</string>
    </dict>
    <key>walkWay</key>
    <dict/>
    <key>mapLayers</key>
    <dict>
        <key>mission_bg</key>
        <dict>
            <key>mapSprite0</key>
            <dict>
                <key>spriteName</key>
                <string>mission_bg</string>
                <key>mapSpriteName</key>
                <string>clip0</string>
                <key>pos</key>
                <string>{85,112}</string>
                <key>z</key>
                <integer>0</integer>
                <key>tag</key>
                <integer>0</integer>
            </dict>
        </dict>
        <key>mission_ui</key>
        <dict>
            <key>mapSprite0</key>
            <dict>
                <key>spriteName</key>
                <string>demo_task</string>
                <key>mapSpriteName</key>
                <string>mission_ui_left</string>
                <key>pos</key>
                <string>{91,123}</string>
                <key>z</key>
                <integer>0</integer>
                <key>tag</key>
                <integer>0</integer>
            </dict>
            <key>mapSprite1</key>
            <dict>
                <key>spriteName</key>
                <string>demo_task</string>
                <key>mapSpriteName</key>
                <string>mission_title1</string>
                <key>pos</key>
                <string>{577,500}</string>
                <key>z</key>
                <integer>5</integer>
                <key>tag</key>
                <integer>1</integer>
            </dict>
            <key>mapSprite2</key>
            <dict>
                <key>spriteName</key>
                <string>demo_task</string>
                <key>mapSpriteName</key>
                <string>mission_title2</string>
                <key>pos</key>
                <string>{574,553}</string>
                <key>z</key>
                <integer>10</integer>
                <key>tag</key>
                <integer>2</integer>
            </dict>
            <key>mapSprite3</key>
            <dict>
                <key>spriteName</key>
                <string>demo_task</string>
                <key>mapSpriteName</key>
                <string>mission_title3</string>
                <key>pos</key>
                <string>{598,589}</string>
                <key>z</key>
                <integer>15</integer>
                <key>tag</key>
                <integer>3</integer>
            </dict>
        </dict>
        <key>mission_fix</key>
        <dict>
            <key>mapSprite0</key>
            <dict>
                <key>spriteName</key>
                <string>demo_task</string>
                <key>mapSpriteName</key>
                <string>mission_ui_head</string>
                <key>pos</key>
                <string>{414,134}</string>
                <key>z</key>
                <integer>0</integer>
                <key>tag</key>
                <integer>0</integer>
            </dict>
            <key>mapSprite1</key>
            <dict>
                <key>spriteName</key>
                <string>demo_task</string>
                <key>mapSpriteName</key>
                <string>bouns</string>
                <key>pos</key>
                <string>{465,399}</string>
                <key>z</key>
                <integer>5</integer>
                <key>tag</key>
                <integer>1</integer>
            </dict>
        </dict>
        <key>mission_1</key>
        <dict>
            <key>mapSprite0</key>
            <dict>
                <key>spriteName</key>
                <string>demo_task</string>
                <key>mapSpriteName</key>
                <string>mission_1_1</string>
                <key>pos</key>
                <string>{459,314}</string>
                <key>z</key>
                <integer>0</integer>
                <key>tag</key>
                <integer>0</integer>
            </dict>
            <key>mapSprite1</key>
            <dict>
                <key>spriteName</key>
                <string>demo_task</string>
                <key>mapSpriteName</key>
                <string>mission_1_2</string>
                <key>pos</key>
                <string>{675,136}</string>
                <key>z</key>
                <integer>5</integer>
                <key>tag</key>
                <integer>1</integer>
            </dict>
        </dict>
        <key>mission_2</key>
        <dict>
            <key>mapSprite0</key>
            <dict>
                <key>spriteName</key>
                <string>demo_task</string>
                <key>mapSpriteName</key>
                <string>mission_2_1</string>
                <key>pos</key>
                <string>{440,316}</string>
                <key>z</key>
                <integer>0</integer>
                <key>tag</key>
                <integer>0</integer>
            </dict>
            <key>mapSprite1</key>
            <dict>
                <key>spriteName</key>
                <string>demo_task</string>
                <key>mapSpriteName</key>
                <string>mission_2_2</string>
                <key>pos</key>
                <string>{689,156}</string>
                <key>z</key>
                <integer>5</integer>
                <key>tag</key>
                <integer>1</integer>
            </dict>
        </dict>
        <key>mission_3</key>
        <dict>
            <key>mapSprite0</key>
            <dict>
                <key>spriteName</key>
                <string>demo_task</string>
                <key>mapSpriteName</key>
                <string>mission_3_1</string>
                <key>pos</key>
                <string>{442,311}</string>
                <key>z</key>
                <integer>0</integer>
                <key>tag</key>
                <integer>0</integer>
            </dict>
            <key>mapSprite1</key>
            <dict>
                <key>spriteName</key>
                <string>demo_task</string>
                <key>mapSpriteName</key>
                <string>mission_3_2</string>
                <key>pos</key>
                <string>{683,153}</string>
                <key>z</key>
                <integer>5</integer>
                <key>tag</key>
                <integer>1</integer>
            </dict>
        </dict>
        <key>mission_button</key>
        <dict>
            <key>mapSprite0</key>
            <dict>
                <key>spriteName</key>
                <string>demo_task</string>
                <key>mapSpriteName</key>
                <string>mission_button_1</string>
                <key>pos</key>
                <string>{672,389}</string>
                <key>z</key>
                <integer>0</integer>
                <key>tag</key>
                <integer>0</integer>
            </dict>
            <key>mapSprite1</key>
            <dict>
                <key>spriteName</key>
                <string>demo_task</string>
                <key>mapSpriteName</key>
                <string>mission_button_2</string>
                <key>pos</key>
                <string>{791,390}</string>
                <key>z</key>
                <integer>5</integer>
                <key>tag</key>
                <integer>1</integer>
            </dict>
        </dict>
    </dict>
</dict>
