<?xml version="1.0" encoding="UTF-8"?>
<dict>
    <key>mapInfo</key>
    <dict>
        <key>mapName</key>
        <string>mapName</string>
        <key>mapSize</key>
        <string>{100,100}</string>
        <key>backgroundColor</key>
        <string>{0,0,0,255}</string>
        <key>gridInfo</key>
        <string>{64,64,16,12}</string>
        <key>layerNameArray</key>
        <string>touxiang,ditiao</string>
    </dict>
    <key>walkWay</key>
    <dict/>
    <key>mapLayers</key>
    <dict>
        <key>touxiang</key>
        <dict>
            <key>mapSprite0</key>
            <dict>
                <key>spriteName</key>
                <string>zhandoujiemian</string>
                <key>mapSpriteName</key>
                <string>zhandou_05.png</string>
                <key>pos</key>
                <string>{499,1}</string>
                <key>z</key>
                <integer>0</integer>
                <key>tag</key>
                <integer>2</integer>
            </dict>
            <key>mapSprite1</key>
            <dict>
                <key>spriteName</key>
                <string>zhandoujiemian</string>
                <key>mapSpriteName</key>
                <string>zhandou_07.png</string>
                <key>pos</key>
                <string>{522,1}</string>
                <key>z</key>
                <integer>5</integer>
                <key>tag</key>
                <integer>3</integer>
            </dict>
            <key>mapSprite2</key>
            <dict>
                <key>spriteName</key>
                <string>zhandoujiemian</string>
                <key>mapSpriteName</key>
                <string>zhandou_02.png</string>
                <key>pos</key>
                <string>{402,1}</string>
                <key>z</key>
                <integer>10</integer>
                <key>tag</key>
                <integer>4</integer>
            </dict>
            <key>mapSprite3</key>
            <dict>
                <key>spriteName</key>
                <string>zhandoujiemian</string>
                <key>mapSpriteName</key>
                <string>zhandou_01.png</string>
                <key>pos</key>
                <string>{-8,1}</string>
                <key>z</key>
                <integer>15</integer>
                <key>tag</key>
                <integer>0</integer>
            </dict>
            <key>mapSprite4</key>
            <dict>
                <key>spriteName</key>
                <string>zhandoujiemian</string>
                <key>mapSpriteName</key>
                <string>zhandou_03.png</string>
                <key>pos</key>
                <string>{553,1}</string>
                <key>z</key>
                <integer>20</integer>
                <key>tag</key>
                <integer>1</integer>
            </dict>
        </dict>
        <key>ditiao</key>
        <dict>
            <key>mapSprite0</key>
            <dict>
                <key>spriteName</key>
                <string>zhandoujiemian</string>
                <key>mapSpriteName</key>
                <string>zhandou1.png</string>
                <key>pos</key>
                <string>{-4,671}</string>
                <key>z</key>
                <integer>40</integer>
                <key>tag</key>
                <integer>8</integer>
            </dict>
            <key>mapSprite1</key>
            <dict>
                <key>spriteName</key>
                <string>zhandoujiemian</string>
                <key>mapSpriteName</key>
                <string>zhandou2.png</string>
                <key>pos</key>
                <string>{591,671}</string>
                <key>z</key>
                <integer>45</integer>
                <key>tag</key>
                <integer>9</integer>
            </dict>
        </dict>
    </dict>
</dict>
