<?xml version="1.0" encoding="UTF-8"?>
<dict>
    <key>mapInfo</key>
    <dict>
        <key>mapName</key>
        <string>zhandouui</string>
        <key>mapSize</key>
        <string>{100,100}</string>
        <key>backgroundColor</key>
        <string>{0,0,0,255}</string>
        <key>gridInfo</key>
        <string>{64,64,16,12}</string>
        <key>layerNameArray</key>
        <string>newLayer</string>
    </dict>
    <key>walkWay</key>
    <dict/>
    <key>mapLayers</key>
    <dict>
        <key>newLayer</key>
        <dict>
            <key>mapSprite0</key>
            <dict>
                <key>spriteName</key>
                <string>zhandouui</string>
                <key>mapSpriteName</key>
                <string>touxiang1.png</string>
                <key>pos</key>
                <string>{0,-1}</string>
                <key>z</key>
                <integer>0</integer>
                <key>tag</key>
                <integer>2</integer>
            </dict>
            <key>mapSprite1</key>
            <dict>
                <key>spriteName</key>
                <string>zhandouui</string>
                <key>mapSpriteName</key>
                <string>zhandou-ui_01.png</string>
                <key>pos</key>
                <string>{0,0}</string>
                <key>z</key>
                <integer>5</integer>
                <key>tag</key>
                <integer>0</integer>
            </dict>
            <key>mapSprite2</key>
            <dict>
                <key>spriteName</key>
                <string>zhandouui</string>
                <key>mapSpriteName</key>
                <string>zhandou-ui_02.png</string>
                <key>pos</key>
                <string>{51,0}</string>
                <key>z</key>
                <integer>10</integer>
                <key>tag</key>
                <integer>1</integer>
            </dict>
            <key>mapSprite3</key>
            <dict>
                <key>spriteName</key>
                <string>zhandouui</string>
                <key>mapSpriteName</key>
                <string>vs.png</string>
                <key>pos</key>
                <string>{429,20}</string>
                <key>z</key>
                <integer>15</integer>
                <key>tag</key>
                <integer>3</integer>
            </dict>
            <key>mapSprite4</key>
            <dict>
                <key>spriteName</key>
                <string>zhandouui</string>
                <key>mapSpriteName</key>
                <string>zhandou-ui_08.png</string>
                <key>pos</key>
                <string>{190,721}</string>
                <key>z</key>
                <integer>20</integer>
                <key>tag</key>
                <integer>4</integer>
            </dict>
            <key>mapSprite5</key>
            <dict>
                <key>spriteName</key>
                <string>zhandouui</string>
                <key>mapSpriteName</key>
                <string>zhandou-ui_07.png</string>
                <key>pos</key>
                <string>{-1,717}</string>
                <key>z</key>
                <integer>25</integer>
                <key>tag</key>
                <integer>5</integer>
            </dict>
            <key>mapSprite6</key>
            <dict>
                <key>spriteName</key>
                <string>zhandouui</string>
                <key>mapSpriteName</key>
                <string>zhandou-ui_06.png</string>
                <key>pos</key>
                <string>{1016,648}</string>
                <key>z</key>
                <integer>30</integer>
                <key>tag</key>
                <integer>6</integer>
            </dict>
            <key>mapSprite7</key>
            <dict>
                <key>spriteName</key>
                <string>zhandouui</string>
                <key>mapSpriteName</key>
                <string>zhandou-ui_06.png</string>
                <key>pos</key>
                <string>{1016,588}</string>
                <key>z</key>
                <integer>35</integer>
                <key>tag</key>
                <integer>7</integer>
            </dict>
            <key>mapSprite8</key>
            <dict>
                <key>spriteName</key>
                <string>zhandouui</string>
                <key>mapSpriteName</key>
                <string>zhandou-ui_06.png</string>
                <key>pos</key>
                <string>{1016,528}</string>
                <key>z</key>
                <integer>40</integer>
                <key>tag</key>
                <integer>8</integer>
            </dict>
            <key>mapSprite9</key>
            <dict>
                <key>spriteName</key>
                <string>zhandouui</string>
                <key>mapSpriteName</key>
                <string>zhandou-ui_06.png</string>
                <key>pos</key>
                <string>{1016,468}</string>
                <key>z</key>
                <integer>45</integer>
                <key>tag</key>
                <integer>9</integer>
            </dict>
            <key>mapSprite10</key>
            <dict>
                <key>spriteName</key>
                <string>zhandouui</string>
                <key>mapSpriteName</key>
                <string>zhandou-ui_06.png</string>
                <key>pos</key>
                <string>{1016,408}</string>
                <key>z</key>
                <integer>50</integer>
                <key>tag</key>
                <integer>10</integer>
            </dict>
            <key>mapSprite11</key>
            <dict>
                <key>spriteName</key>
                <string>zhandouui</string>
                <key>mapSpriteName</key>
                <string>zhandou-ui_06.png</string>
                <key>pos</key>
                <string>{1016,348}</string>
                <key>z</key>
                <integer>55</integer>
                <key>tag</key>
                <integer>11</integer>
            </dict>
            <key>mapSprite12</key>
            <dict>
                <key>spriteName</key>
                <string>zhandouui</string>
                <key>mapSpriteName</key>
                <string>zhandou-ui_06.png</string>
                <key>pos</key>
                <string>{1016,288}</string>
                <key>z</key>
                <integer>60</integer>
                <key>tag</key>
                <integer>12</integer>
            </dict>
            <key>mapSprite13</key>
            <dict>
                <key>spriteName</key>
                <string>zhandouui</string>
                <key>mapSpriteName</key>
                <string>zhandou-ui_06.png</string>
                <key>pos</key>
                <string>{1016,230}</string>
                <key>z</key>
                <integer>65</integer>
                <key>tag</key>
                <integer>13</integer>
            </dict>
            <key>mapSprite14</key>
            <dict>
                <key>spriteName</key>
                <string>zhandouui</string>
                <key>mapSpriteName</key>
                <string>zhandou-ui_06.png</string>
                <key>pos</key>
                <string>{1016,172}</string>
                <key>z</key>
                <integer>70</integer>
                <key>tag</key>
                <integer>14</integer>
            </dict>
            <key>mapSprite15</key>
            <dict>
                <key>spriteName</key>
                <string>zhandouui</string>
                <key>mapSpriteName</key>
                <string>zhandou-ui_06.png</string>
                <key>pos</key>
                <string>{1016,114}</string>
                <key>z</key>
                <integer>75</integer>
                <key>tag</key>
                <integer>15</integer>
            </dict>
            <key>mapSprite16</key>
            <dict>
                <key>spriteName</key>
                <string>zhandouui</string>
                <key>mapSpriteName</key>
                <string>zhandou-ui_06.png</string>
                <key>pos</key>
                <string>{1016,55}</string>
                <key>z</key>
                <integer>80</integer>
                <key>tag</key>
                <integer>16</integer>
            </dict>
            <key>mapSprite17</key>
            <dict>
                <key>spriteName</key>
                <string>zhandouui</string>
                <key>mapSpriteName</key>
                <string>zhandou-ui_05.png</string>
                <key>pos</key>
                <string>{0,55}</string>
                <key>z</key>
                <integer>105</integer>
                <key>tag</key>
                <integer>21</integer>
            </dict>
            <key>mapSprite18</key>
            <dict>
                <key>spriteName</key>
                <string>zhandouui</string>
                <key>mapSpriteName</key>
                <string>zhandou-ui_05.png</string>
                <key>pos</key>
                <string>{0,114}</string>
                <key>z</key>
                <integer>110</integer>
                <key>tag</key>
                <integer>22</integer>
            </dict>
            <key>mapSprite19</key>
            <dict>
                <key>spriteName</key>
                <string>zhandouui</string>
                <key>mapSpriteName</key>
                <string>zhandou-ui_05.png</string>
                <key>pos</key>
                <string>{0,173}</string>
                <key>z</key>
                <integer>115</integer>
                <key>tag</key>
                <integer>23</integer>
            </dict>
            <key>mapSprite20</key>
            <dict>
                <key>spriteName</key>
                <string>zhandouui</string>
                <key>mapSpriteName</key>
                <string>zhandou-ui_05.png</string>
                <key>pos</key>
                <string>{0,232}</string>
                <key>z</key>
                <integer>120</integer>
                <key>tag</key>
                <integer>24</integer>
            </dict>
            <key>mapSprite21</key>
            <dict>
                <key>spriteName</key>
                <string>zhandouui</string>
                <key>mapSpriteName</key>
                <string>zhandou-ui_05.png</string>
                <key>pos</key>
                <string>{0,290}</string>
                <key>z</key>
                <integer>125</integer>
                <key>tag</key>
                <integer>25</integer>
            </dict>
            <key>mapSprite22</key>
            <dict>
                <key>spriteName</key>
                <string>zhandouui</string>
                <key>mapSpriteName</key>
                <string>zhandou-ui_05.png</string>
                <key>pos</key>
                <string>{0,349}</string>
                <key>z</key>
                <integer>130</integer>
                <key>tag</key>
                <integer>26</integer>
            </dict>
            <key>mapSprite23</key>
            <dict>
                <key>spriteName</key>
                <string>zhandouui</string>
                <key>mapSpriteName</key>
                <string>zhandou-ui_05.png</string>
                <key>pos</key>
                <string>{0,409}</string>
                <key>z</key>
                <integer>135</integer>
                <key>tag</key>
                <integer>27</integer>
            </dict>
            <key>mapSprite24</key>
            <dict>
                <key>spriteName</key>
                <string>zhandouui</string>
                <key>mapSpriteName</key>
                <string>zhandou-ui_05.png</string>
                <key>pos</key>
                <string>{0,468}</string>
                <key>z</key>
                <integer>140</integer>
                <key>tag</key>
                <integer>28</integer>
            </dict>
            <key>mapSprite25</key>
            <dict>
                <key>spriteName</key>
                <string>zhandouui</string>
                <key>mapSpriteName</key>
                <string>zhandou-ui_05.png</string>
                <key>pos</key>
                <string>{0,527}</string>
                <key>z</key>
                <integer>145</integer>
                <key>tag</key>
                <integer>29</integer>
            </dict>
            <key>mapSprite26</key>
            <dict>
                <key>spriteName</key>
                <string>zhandouui</string>
                <key>mapSpriteName</key>
                <string>zhandou-ui_05.png</string>
                <key>pos</key>
                <string>{0,587}</string>
                <key>z</key>
                <integer>150</integer>
                <key>tag</key>
                <integer>30</integer>
            </dict>
            <key>mapSprite27</key>
            <dict>
                <key>spriteName</key>
                <string>zhandouui</string>
                <key>mapSpriteName</key>
                <string>zhandou-ui_05.png</string>
                <key>pos</key>
                <string>{0,660}</string>
                <key>z</key>
                <integer>155</integer>
                <key>tag</key>
                <integer>31</integer>
            </dict>
            <key>mapSprite28</key>
            <dict>
                <key>spriteName</key>
                <string>zhandouui</string>
                <key>mapSpriteName</key>
                <string>zhandou-ui_05.png</string>
                <key>pos</key>
                <string>{0,633}</string>
                <key>z</key>
                <integer>160</integer>
                <key>tag</key>
                <integer>32</integer>
            </dict>
            <key>mapSprite29</key>
            <dict>
                <key>spriteName</key>
                <string>zhandouui</string>
                <key>mapSpriteName</key>
                <string>zhandou-ui_04.png</string>
                <key>pos</key>
                <string>{971,0}</string>
                <key>z</key>
                <integer>170</integer>
                <key>tag</key>
                <integer>34</integer>
            </dict>
            <key>mapSprite30</key>
            <dict>
                <key>spriteName</key>
                <string>zhandouui</string>
                <key>mapSpriteName</key>
                <string>zhandou-ui_03.png</string>
                <key>pos</key>
                <string>{192,0}</string>
                <key>z</key>
                <integer>175</integer>
                <key>tag</key>
                <integer>35</integer>
            </dict>
            <key>mapSprite31</key>
            <dict>
                <key>spriteName</key>
                <string>zhandouui</string>
                <key>mapSpriteName</key>
                <string>zhandou-ui_09.png</string>
                <key>pos</key>
                <string>{971,717}</string>
                <key>z</key>
                <integer>180</integer>
                <key>tag</key>
                <integer>36</integer>
            </dict>
            <key>mapSprite32</key>
            <dict>
                <key>spriteName</key>
                <string>zhandouui</string>
                <key>mapSpriteName</key>
                <string>zhandou-ui_10.png</string>
                <key>pos</key>
                <string>{51,759}</string>
                <key>z</key>
                <integer>185</integer>
                <key>tag</key>
                <integer>37</integer>
            </dict>
            <key>mapSprite33</key>
            <dict>
                <key>spriteName</key>
                <string>zhandouui</string>
                <key>mapSpriteName</key>
                <string>zhandou-ui_10.png</string>
                <key>pos</key>
                <string>{98,759}</string>
                <key>z</key>
                <integer>190</integer>
                <key>tag</key>
                <integer>38</integer>
            </dict>
            <key>mapSprite34</key>
            <dict>
                <key>spriteName</key>
                <string>zhandouui</string>
                <key>mapSpriteName</key>
                <string>zhandou-ui_10.png</string>
                <key>pos</key>
                <string>{145,759}</string>
                <key>z</key>
                <integer>195</integer>
                <key>tag</key>
                <integer>39</integer>
            </dict>
            <key>mapSprite35</key>
            <dict>
                <key>spriteName</key>
                <string>zhandouui</string>
                <key>mapSpriteName</key>
                <string>zhandou-ui_10.png</string>
                <key>pos</key>
                <string>{827,758}</string>
                <key>z</key>
                <integer>200</integer>
                <key>tag</key>
                <integer>40</integer>
            </dict>
            <key>mapSprite36</key>
            <dict>
                <key>spriteName</key>
                <string>zhandouui</string>
                <key>mapSpriteName</key>
                <string>zhandou-ui_10.png</string>
                <key>pos</key>
                <string>{875,758}</string>
                <key>z</key>
                <integer>205</integer>
                <key>tag</key>
                <integer>41</integer>
            </dict>
            <key>mapSprite37</key>
            <dict>
                <key>spriteName</key>
                <string>zhandouui</string>
                <key>mapSpriteName</key>
                <string>zhandou-ui_10.png</string>
                <key>pos</key>
                <string>{923,758}</string>
                <key>z</key>
                <integer>210</integer>
                <key>tag</key>
                <integer>42</integer>
            </dict>
            <key>mapSprite38</key>
            <dict>
                <key>spriteName</key>
                <string>zhandouui</string>
                <key>mapSpriteName</key>
                <string>zhandou-ui_02.png</string>
                <key>pos</key>
                <string>{99,0}</string>
                <key>z</key>
                <integer>215</integer>
                <key>tag</key>
                <integer>43</integer>
            </dict>
            <key>mapSprite39</key>
            <dict>
                <key>spriteName</key>
                <string>zhandouui</string>
                <key>mapSpriteName</key>
                <string>zhandou-ui_02.png</string>
                <key>pos</key>
                <string>{146,0}</string>
                <key>z</key>
                <integer>220</integer>
                <key>tag</key>
                <integer>44</integer>
            </dict>
            <key>mapSprite40</key>
            <dict>
                <key>spriteName</key>
                <string>zhandouui</string>
                <key>mapSpriteName</key>
                <string>zhandou-ui_02.png</string>
                <key>pos</key>
                <string>{807,1}</string>
                <key>z</key>
                <integer>225</integer>
                <key>tag</key>
                <integer>45</integer>
            </dict>
            <key>mapSprite41</key>
            <dict>
                <key>spriteName</key>
                <string>zhandouui</string>
                <key>mapSpriteName</key>
                <string>zhandou-ui_02.png</string>
                <key>pos</key>
                <string>{855,1}</string>
                <key>z</key>
                <integer>230</integer>
                <key>tag</key>
                <integer>46</integer>
            </dict>
            <key>mapSprite42</key>
            <dict>
                <key>spriteName</key>
                <string>zhandouui</string>
                <key>mapSpriteName</key>
                <string>zhandou-ui_02.png</string>
                <key>pos</key>
                <string>{901,1}</string>
                <key>z</key>
                <integer>235</integer>
                <key>tag</key>
                <integer>47</integer>
            </dict>
            <key>mapSprite43</key>
            <dict>
                <key>spriteName</key>
                <string>zhandouui</string>
                <key>mapSpriteName</key>
                <string>zhandou-ui_06.png</string>
                <key>pos</key>
                <string>{1016,658}</string>
                <key>z</key>
                <integer>240</integer>
                <key>tag</key>
                <integer>48</integer>
            </dict>
            <key>mapSprite44</key>
            <dict>
                <key>spriteName</key>
                <string>zhandouui</string>
                <key>mapSpriteName</key>
                <string>zhandou-ui_10.png</string>
                <key>pos</key>
                <string>{804,758}</string>
                <key>z</key>
                <integer>245</integer>
                <key>tag</key>
                <integer>49</integer>
            </dict>
            <key>mapSprite45</key>
            <dict>
                <key>spriteName</key>
                <string>zhandouui</string>
                <key>mapSpriteName</key>
                <string>zhandou-ui_02.png</string>
                <key>pos</key>
                <string>{924,1}</string>
                <key>z</key>
                <integer>250</integer>
                <key>tag</key>
                <integer>50</integer>
            </dict>
        </dict>
    </dict>
</dict>
